Jul  6 19:20:38 sungho-VirtualBox kernel: [ 1492.817791] COMPLETE: PID: 4314
Jul  6 19:20:38 sungho-VirtualBox kernel: [ 1492.817793] DISPATCH: PID: 4313
Jul  6 19:20:38 sungho-VirtualBox kernel: [ 1492.818114] CJul  6 19:21:40 sungho-VirtualBox rsyslogd: [origin software="rsyslogd" swVersion="8.16.0" x-pid="616" x-info="http://www.rsyslog.com"] start
Jul  6 19:21:40 sungho-VirtualBox rsyslogd-2222: command 'KLogPermitNonKernelFacility' is currently not permitted - did you already set it via a RainerScript command (v6+ config)? [v8.16.0 try http://www.rsyslog.com/e/2222 ]
Jul  6 19:21:40 sungho-VirtualBox rsyslogd: rsyslogd's groupid changed to 108
Jul  6 19:21:40 sungho-VirtualBox rsyslogd: rsyslogd's userid changed to 104
Jul  6 19:21:40 sungho-VirtualBox systemd-modules-load[242]: Inserted module 'lp'
Jul  6 19:21:40 sungho-VirtualBox systemd-modules-load[242]: Inserted module 'ppdev'
Jul  6 19:21:40 sungho-VirtualBox systemd-modules-load[242]: Inserted module 'parport_pc'
Jul  6 19:21:40 sungho-VirtualBox systemd[1]: Started Load Kernel Modules.
Jul  6 19:21:40 sungho-VirtualBox systemd[1]: Mounting FUSE Control File System...
Jul  6 19:21:40 sungho-VirtualBox systemd[1]: Starting Apply Kernel Variables...
Jul  6 19:21:40 sungho-VirtualBox systemd[1]: Mounted FUSE Control File System.
Jul  6 19:21:40 sungho-VirtualBox loadkeys[241]: Loading /etc/console-setup/cached.kmap.gz
Jul  6 19:21:40 sungho-VirtualBox systemd[1]: Started Set console keymap.
Jul  6 19:21:40 sungho-VirtualBox systemd[1]: Started Apply Kernel Variables.
Jul  6 19:21:40 sungho-VirtualBox systemd[1]: Started Create Static Device Nodes in /dev.
Jul  6 19:21:40 sungho-VirtualBox systemd[1]: Starting udev Kernel Device Manager...
Jul  6 19:21:40 sungho-VirtualBox systemd[1]: Started udev Kernel Device Manager.
Jul  6 19:21:40 sungho-VirtualBox systemd[1]: Starting Remount Root and Kernel File Systems...
Jul  6 19:21:40 sungho-VirtualBox systemd[1]: Started Remount Root and Kernel File Systems.
Jul  6 19:21:40 sungho-VirtualBox systemd[1]: Starting Flush Journal to Persistent Storage...
Jul  6 19:21:40 sungho-VirtualBox systemd[1]: Starting Load/Save Random Seed...
Jul  6 19:21:40 sungho-VirtualBox systemd[1]: Reached target Local File Systems (Pre).
Jul  6 19:21:40 sungho-VirtualBox systemd[1]: Reached target Local File Systems.
Jul  6 19:21:40 sungho-VirtualBox systemd[1]: Starting Set console font and keymap...
Jul  6 19:21:40 sungho-VirtualBox systemd[1]: Starting Clean up any mess left by 0dns-up...
Jul  6 19:21:40 sungho-VirtualBox systemd[1]: Starting Tell Plymouth To Write Out Runtime Data...
Jul  6 19:21:40 sungho-VirtualBox systemd[1]: Starting LSB: AppArmor initialization...
Jul  6 19:21:40 sungho-VirtualBox systemd[1]: Starting udev Coldplug all Devices...
Jul  6 19:21:40 sungho-VirtualBox systemd[1]: Started Load/Save Random Seed.
Jul  6 19:21:40 sungho-VirtualBox systemd[1]: Started Flush Journal to Persistent Storage.
Jul  6 19:21:40 sungho-VirtualBox systemd[1]: Starting Create Volatile Files and Directories...
Jul  6 19:21:40 sungho-VirtualBox systemd-tmpfiles[295]: [/usr/lib/tmpfiles.d/var.conf:14] Duplicate line for path "/var/log", ignoring.
Jul  6 19:21:40 sungho-VirtualBox systemd[1]: Started Tell Plymouth To Write Out Runtime Data.
Jul  6 19:21:40 sungho-VirtualBox systemd[1]: Started Clean up any mess left by 0dns-up.
Jul  6 19:21:40 sungho-VirtualBox systemd[1]: Starting Nameserver information manager...
Jul  6 19:21:40 sungho-VirtualBox systemd[1]: Started udev Coldplug all Devices.
Jul  6 19:21:40 sungho-VirtualBox systemd[1]: Starting Show Plymouth Boot Screen...
Jul  6 19:21:40 sungho-VirtualBox systemd[1]: Started Nameserver information manager.
Jul  6 19:21:40 sungho-VirtualBox systemd[1]: Started Create Volatile Files and Directories.
Jul  6 19:21:40 sungho-VirtualBox systemd[1]: Reached target System Time Synchronized.
Jul  6 19:21:40 sungho-VirtualBox systemd[1]: Starting Update UTMP about System Boot/Shutdown...
Jul  6 19:21:40 sungho-VirtualBox systemd[1]: Started Update UTMP about System Boot/Shutdown.
Jul  6 19:21:40 sungho-VirtualBox systemd[1]: Listening on Load/Save RF Kill Switch Status /dev/rfkill Watch.
Jul  6 19:21:40 sungho-VirtualBox systemd[1]: Started Show Plymouth Boot Screen.
Jul  6 19:21:40 sungho-VirtualBox systemd[1]: Started Forward Password Requests to Plymouth Directory Watch.
Jul  6 19:21:40 sungho-VirtualBox mtp-probe: checking bus 1, device 2: "/sys/devices/pci0000:00/0000:00:06.0/usb1/1-1"
Jul  6 19:21:40 sungho-VirtualBox mtp-probe: bus: 1, device: 2 was not an MTP device
Jul  6 19:21:40 sungho-VirtualBox systemd[1]: Started Set console font and keymap.
Jul  6 19:21:40 sungho-VirtualBox systemd[1]: Created slice system-getty.slice.
Jul  6 19:21:40 sungho-VirtualBox apparmor[286]:  * Starting AppArmor profiles
Jul  6 19:21:40 sungho-VirtualBox systemd[1]: Found device VBOX_HARDDISK 5.
Jul  6 19:21:40 sungho-VirtualBox systemd[1]: Activating swap /dev/disk/by-uuid/8aef35ea-effc-412d-a73c-7a56793bc165...
Jul  6 19:21:40 sungho-VirtualBox systemd[1]: Activated swap /dev/disk/by-uuid/8aef35ea-effc-412d-a73c-7a56793bc165.
Jul  6 19:21:40 sungho-VirtualBox systemd[1]: Reached target Swap.
Jul  6 19:21:40 sungho-VirtualBox apparmor[286]: Skipping profile in /etc/apparmor.d/disable: usr.bin.firefox
Jul  6 19:21:40 sungho-VirtualBox systemd[1]: Reached target Sound Card.
Jul  6 19:21:40 sungho-VirtualBox apparmor[286]: Skipping profile in /etc/apparmor.d/disable: usr.sbin.rsyslogd
Jul  6 19:21:40 sungho-VirtualBox apparmor[286]:    ...done.
Jul  6 19:21:40 sungho-VirtualBox systemd[1]: Started LSB: AppArmor initialization.
Jul  6 19:21:40 sungho-VirtualBox systemd[1]: Reached target System Initialization.
Jul  6 19:21:40 sungho-VirtualBox systemd[1]: Started ACPI Events Check.
Jul  6 19:21:40 sungho-VirtualBox systemd[1]: Started CUPS Scheduler.
Jul  6 19:21:40 sungho-VirtualBox systemd[1]: Listening on CUPS Scheduler.
Jul  6 19:21:40 sungho-VirtualBox systemd[1]: Listening on ACPID Listen Socket.
Jul  6 19:21:40 sungho-VirtualBox systemd[1]: snapd.refresh.timer: Adding 1h 3min 2.562759s random time.
Jul  6 19:21:40 sungho-VirtualBox systemd[1]: Started Timer to automatically refresh installed snaps.
Jul  6 19:21:40 sungho-VirtualBox systemd[1]: Listening on D-Bus System Message Bus Socket.
Jul  6 19:21:40 sungho-VirtualBox systemd[1]: Listening on Avahi mDNS/DNS-SD Stack Activation Socket.
Jul  6 19:21:40 sungho-VirtualBox systemd[1]: Started Daily Cleanup of Temporary Directories.
Jul  6 19:21:40 sungho-VirtualBox systemd[1]: Started Trigger resolvconf update for networkd DNS.
Jul  6 19:21:40 sungho-VirtualBox systemd[1]: Reached target Paths.
Jul  6 19:21:40 sungho-VirtualBox systemd[1]: apt-daily.timer: Adding 10h 59min 31.499774s random time.
Jul  6 19:21:40 sungho-VirtualBox systemd[1]: Started Daily apt activities.
Jul  6 19:21:40 sungho-VirtualBox systemd[1]: Reached target Timers.
Jul  6 19:21:40 sungho-VirtualBox systemd[1]: Listening on UUID daemon activation socket.
Jul  6 19:21:40 sungho-VirtualBox systemd[1]: Starting Socket activation for snappy daemon.
Jul  6 19:21:40 sungho-VirtualBox systemd[1]: Starting Raise network interfaces...
Jul  6 19:21:40 sungho-VirtualBox systemd[1]: Listening on Socket activation for snappy daemon.
Jul  6 19:21:40 sungho-VirtualBox systemd[1]: Reached target Sockets.
Jul  6 19:21:40 sungho-VirtualBox systemd[1]: Reached target Basic System.
Jul  6 19:21:40 sungho-VirtualBox systemd[1]: Starting LSB: daemon to balance interrupts for SMP systems...
Jul  6 19:21:40 sungho-VirtualBox systemd[1]: Starting Restore /etc/resolv.conf if the system crashed before the ppp link was shut down...
Jul  6 19:21:40 sungho-VirtualBox systemd[1]: Starting Login Service...
Jul  6 19:21:40 sungho-VirtualBox systemd[1]: Starting Detect the available GPUs and deal with any system changes...
Jul  6 19:21:40 sungho-VirtualBox systemd[1]: Started Snappy daemon.
Jul  6 19:21:40 sungho-VirtualBox systemd[1]: Starting vboxadd-x11.service...
Jul  6 19:21:40 sungho-VirtualBox systemd[1]: Starting Avahi mDNS/DNS-SD Stack...
Jul  6 19:21:40 sungho-VirtualBox systemd[1]: Started CUPS Scheduler.
Jul  6 19:21:40 sungho-VirtualBox systemd[1]: Starting LSB: Speech Dispatcher...
Jul  6 19:21:40 sungho-VirtualBox systemd[1]: Starting Permit User Sessions...
Jul  6 19:21:40 sungho-VirtualBox systemd[1]: Starting System Logging Service...
Jul  6 19:21:40 sungho-VirtualBox systemd[1]: Started crash report submission daemon.
Jul  6 19:21:40 sungho-VirtualBox systemd[1]: Starting Thermal Daemon Service...
Jul  6 19:21:40 sungho-VirtualBox systemd[1]: Starting LSB: Record successful boot for GRUB...
Jul  6 19:21:40 sungho-VirtualBox systemd[1]: Starting vboxadd.service...
Jul  6 19:21:40 sungho-VirtualBox systemd[1]: Starting LSB: automatic crash report generation...
Jul  6 19:21:40 sungho-VirtualBox systemd[1]: Starting LSB: Set the CPU Frequency Scaling governor to "ondemand"...
Jul  6 19:21:40 sungho-VirtualBox systemd[1]: Started Runit service supervision.
Jul  6 19:21:40 sungho-VirtualBox systemd[1]: Started Run anacron jobs.
Jul  6 19:21:40 sungho-VirtualBox systemd[1]: Started D-Bus System Message Bus.
Jul  6 19:21:40 sungho-VirtualBox gpu-manager[603]: /etc/modprobe.d is not a file
Jul  6 19:21:40 sungho-VirtualBox gpu-manager[603]: message repeated 4 times: [ /etc/modprobe.d is not a file]
Jul  6 19:21:40 sungho-VirtualBox gpu-manager[603]: Error: can't open /lib/modules/4.8.8SungHoHong+/updates/dkms
Jul  6 19:21:40 sungho-VirtualBox gpu-manager[603]: Error: can't open /lib/modules/4.8.8SungHoHong+/updates/dkms
Jul  6 19:21:40 sungho-VirtualBox anacron[625]: Anacron 2.3 started on 2017-07-06
Jul  6 19:21:40 sungho-VirtualBox vboxadd[620]: vboxadd.sh: Starting the VirtualBox Guest Additions.
Jul  6 19:21:40 sungho-VirtualBox anacron[625]: Normal exit (0 jobs run)
Jul  6 19:21:40 sungho-VirtualBox vboxadd.sh: Starting the VirtualBox Guest Additions.
Jul  6 19:21:40 sungho-VirtualBox avahi-daemon[611]: Found user 'avahi' (UID 111) and group 'avahi' (GID 120).
Jul  6 19:21:40 sungho-VirtualBox avahi-daemon[611]: Successfully dropped root privileges.
Jul  6 19:21:40 sungho-VirtualBox avahi-daemon[611]: avahi-daemon 0.6.32-rc starting up.
Jul  6 19:21:40 sungho-VirtualBox kernel: [    0.000000] Linux version 4.8.8SungHoHong+ (sungho@sungho-VirtualBox) (gcc version 5.4.0 20160609 (Ubuntu 5.4.0-6ubuntu1~16.04.4) ) #17 SMP Sun Feb 5 21:29:12 MST 2017
Jul  6 19:21:40 sungho-VirtualBox kernel: [    0.000000] Command line: BOOT_IMAGE=/boot/vmlinuz-4.8.8SungHoHong+ root=UUID=a67dccc1-99ad-4d02-a07d-bfcc957a2d5b ro quiet splash
Jul  6 19:21:40 sungho-VirtualBox kernel: [    0.000000] KERNEL supported cpus:
Jul  6 19:21:40 sungho-VirtualBox kernel: [    0.000000]   Intel GenuineIntel
Jul  6 19:21:40 sungho-VirtualBox kernel: [    0.000000]   AMD AuthenticAMD
Jul  6 19:21:40 sungho-VirtualBox kernel: [    0.000000]   Centaur CentaurHauls
Jul  6 19:21:40 sungho-VirtualBox kernel: [    0.000000] x86/fpu: Supporting XSAVE feature 0x001: 'x87 floating point registers'
Jul  6 19:21:40 sungho-VirtualBox kernel: [    0.000000] x86/fpu: Supporting XSAVE feature 0x002: 'SSE registers'
Jul  6 19:21:40 sungho-VirtualBox kernel: [    0.000000] x86/fpu: Supporting XSAVE feature 0x004: 'AVX registers'
Jul  6 19:21:40 sungho-VirtualBox kernel: [    0.000000] x86/fpu: xstate_offset[2]:  576, xstate_sizes[2]:  256
Jul  6 19:21:40 sungho-VirtualBox kernel: [    0.000000] x86/fpu: Enabled xstate features 0x7, context size is 832 bytes, using 'standard' format.
Jul  6 19:21:40 sungho-VirtualBox kernel: [    0.000000] x86/fpu: Using 'eager' FPU context switches.
Jul  6 19:21:40 sungho-VirtualBox kernel: [    0.000000] e820: BIOS-provided physical RAM map:
Jul  6 19:21:40 sungho-VirtualBox kernel: [    0.000000] BIOS-e820: [mem 0x0000000000000000-0x000000000009fbff] usable
Jul  6 19:21:40 sungho-VirtualBox kernel: [    0.000000] BIOS-e820: [mem 0x000000000009fc00-0x000000000009ffff] reserved
Jul  6 19:21:40 sungho-VirtualBox kernel: [    0.000000] BIOS-e820: [mem 0x00000000000f0000-0x00000000000fffff] reserved
Jul  6 19:21:40 sungho-VirtualBox kernel: [    0.000000] BIOS-e820: [mem 0x0000000000100000-0x00000000dffeffff] usable
Jul  6 19:21:40 sungho-VirtualBox kernel: [    0.000000] BIOS-e820: [mem 0x00000000dfff0000-0x00000000dfffffff] ACPI data
Jul  6 19:21:40 sungho-VirtualBox kernel: [    0.000000] BIOS-e820: [mem 0x00000000fec00000-0x00000000fec00fff] reserved
Jul  6 19:21:40 sungho-VirtualBox kernel: [    0.000000] BIOS-e820: [mem 0x00000000fee00000-0x00000000fee00fff] reserved
Jul  6 19:21:40 sungho-VirtualBox kernel: [    0.000000] BIOS-e820: [mem 0x00000000fffc0000-0x00000000ffffffff] reserved
Jul  6 19:21:40 sungho-VirtualBox kernel: [    0.000000] BIOS-e820: [mem 0x0000000100000000-0x000000017a0fffff] usable
Jul  6 19:21:40 sungho-VirtualBox kernel: [    0.000000] NX (Execute Disable) protection: active
Jul  6 19:21:40 sungho-VirtualBox kernel: [    0.000000] SMBIOS 2.5 present.
Jul  6 19:21:40 sungho-VirtualBox kernel: [    0.000000] DMI: innotek GmbH VirtualBox/VirtualBox, BIOS VirtualBox 12/01/2006
Jul  6 19:21:40 sungho-VirtualBox kernel: [    0.000000] Hypervisor detected: KVM
Jul  6 19:21:40 sungho-VirtualBox kernel: [    0.000000] e820: update [mem 0x00000000-0x00000fff] usable ==> reserved
Jul  6 19:21:40 sungho-VirtualBox kernel: [    0.000000] e820: remove [mem 0x000a0000-0x000fffff] usable
Jul  6 19:21:40 sungho-VirtualBox kernel: [    0.000000] e820: last_pfn = 0x17a100 max_arch_pfn = 0x400000000
Jul  6 19:21:40 sungho-VirtualBox kernel: [    0.000000] MTRR default type: uncachable
Jul  6 19:21:40 sungho-VirtualBox kernel: [    0.000000] MTRR variable ranges disabled:
Jul  6 19:21:40 sungho-VirtualBox kernel: [    0.000000] MTRR: Disabled
Jul  6 19:21:40 sungho-VirtualBox kernel: [    0.000000] x86/PAT: MTRRs disabled, skipping PAT initialization too.
Jul  6 19:21:40 sungho-VirtualBox kernel: [    0.000000] x86/PAT: Configuration [0-7]: WB  WT  UC- UC  WB  WT  UC- UC  
Jul  6 19:21:40 sungho-VirtualBox kernel: [    0.000000] CPU MTRRs all blank - virtualized system.
Jul  6 19:21:40 sungho-VirtualBox kernel: [    0.000000] e820: last_pfn = 0xdfff0 max_arch_pfn = 0x400000000
Jul  6 19:21:40 sungho-VirtualBox kernel: [    0.000000] found SMP MP-table at [mem 0x0009fff0-0x0009ffff] mapped at [ffff92dcc009fff0]
Jul  6 19:21:40 sungho-VirtualBox kernel: [    0.000000] Scanning 1 areas for low memory corruption
Jul  6 19:21:40 sungho-VirtualBox kernel: [    0.000000] Base memory trampoline at [ffff92dcc0099000] 99000 size 24576
Jul  6 19:21:40 sungho-VirtualBox kernel: [    0.000000] BRK [0x11a22a000, 0x11a22afff] PGTABLE
Jul  6 19:21:40 sungho-VirtualBox kernel: [    0.000000] BRK [0x11a22b000, 0x11a22bfff] PGTABLE
Jul  6 19:21:40 sungho-VirtualBox kernel: [    0.000000] BRK [0x11a22c000, 0x11a22cfff] PGTABLE
Jul  6 19:21:40 sungho-VirtualBox kernel: [    0.000000] BRK [0x11a22d000, 0x11a22dfff] PGTABLE
Jul  6 19:21:40 sungho-VirtualBox kernel: [    0.000000] BRK [0x11a22e000, 0x11a22efff] PGTABLE
Jul  6 19:21:40 sungho-VirtualBox kernel: [    0.000000] BRK [0x11a22f000, 0x11a22ffff] PGTABLE
Jul  6 19:21:40 sungho-VirtualBox kernel: [    0.000000] BRK [0x11a230000, 0x11a230fff] PGTABLE
Jul  6 19:21:40 sungho-VirtualBox kernel: [    0.000000] BRK [0x11a231000, 0x11a231fff] PGTABLE
Jul  6 19:21:40 sungho-VirtualBox kernel: [    0.000000] BRK [0x11a232000, 0x11a232fff] PGTABLE
Jul  6 19:21:40 sungho-VirtualBox kernel: [    0.000000] BRK [0x11a233000, 0x11a233fff] PGTABLE
Jul  6 19:21:40 sungho-VirtualBox kernel: [    0.000000] RAMDISK: [mem 0x11754000-0x24ba1fff]
Jul  6 19:21:40 sungho-VirtualBox kernel: [    0.000000] ACPI: Early table checksum verification disabled
Jul  6 19:21:40 sungho-VirtualBox kernel: [    0.000000] ACPI: RSDP 0x00000000000E0000 000024 (v02 VBOX  )
Jul  6 19:21:40 sungho-VirtualBox kernel: [    0.000000] ACPI: XSDT 0x00000000DFFF0030 00003C (v01 VBOX   VBOXXSDT 00000001 ASL  00000061)
Jul  6 19:21:40 sungho-VirtualBox kernel: [    0.000000] ACPI: FACP 0x00000000DFFF00F0 0000F4 (v04 VBOX   VBOXFACP 00000001 ASL  00000061)
Jul  6 19:21:40 sungho-VirtualBox kernel: [    0.000000] ACPI: DSDT 0x00000000DFFF0480 00210F (v01 VBOX   VBOXBIOS 00000002 INTL 20100528)
Jul  6 19:21:40 sungho-VirtualBox kernel: [    0.000000] ACPI: FACS 0x00000000DFFF0200 000040
Jul  6 19:21:40 sungho-VirtualBox kernel: [    0.000000] ACPI: FACS 0x00000000DFFF0200 000040
Jul  6 19:21:40 sungho-VirtualBox kernel: [    0.000000] ACPI: APIC 0x00000000DFFF0240 00006C (v02 VBOX   VBOXAPIC 00000001 ASL  00000061)
Jul  6 19:21:40 sungho-VirtualBox kernel: [    0.000000] ACPI: SSDT 0x00000000DFFF02B0 0001CC (v01 VBOX   VBOXCPUT 00000002 INTL 20100528)
Jul  6 19:21:40 sungho-VirtualBox kernel: [    0.000000] ACPI: Local APIC address 0xfee00000
Jul  6 19:21:40 sungho-VirtualBox kernel: [    0.000000] No NUMA configuration found
Jul  6 19:21:40 sungho-VirtualBox kernel: [    0.000000] Faking a node at [mem 0x0000000000000000-0x000000017a0fffff]
Jul  6 19:21:40 sungho-VirtualBox kernel: [    0.000000] NODE_DATA(0) allocated [mem 0x17a0fb000-0x17a0fffff]
Jul  6 19:21:40 sungho-VirtualBox kernel: [    0.000000] kvm-clock: Using msrs 4b564d01 and 4b564d00
Jul  6 19:21:40 sungho-VirtualBox kernel: [    0.000000] kvm-clock: cpu 0, msr 1:7a0f7001, primary cpu clock
Jul  6 19:21:40 sungho-VirtualBox kernel: [    0.000000] kvm-clock: using sched offset of 8706681609 cycles
Jul  6 19:21:40 sungho-VirtualBox kernel: [    0.000000] clocksource: kvm-clock: mask: 0xffffffffffffffff max_cycles: 0x1cd42e4dffb, max_idle_ns: 881590591483 ns
Jul  6 19:21:40 sungho-VirtualBox kernel: [    0.000000] Zone ranges:
Jul  6 19:21:40 sungho-VirtualBox kernel: [    0.000000]   DMA      [mem 0x0000000000001000-0x0000000000ffffff]
Jul  6 19:21:40 sungho-VirtualBox kernel: [    0.000000]   DMA32    [mem 0x0000000001000000-0x00000000ffffffff]
Jul  6 19:21:40 sungho-VirtualBox kernel: [    0.000000]   Normal   [mem 0x0000000100000000-0x000000017a0fffff]
Jul  6 19:21:40 sungho-VirtualBox kernel: [    0.000000]   Device   empty
Jul  6 19:21:40 sungho-VirtualBox kernel: [    0.000000] Movable zone start for each node
Jul  6 19:21:40 sungho-VirtualBox kernel: [    0.000000] Early memory node ranges
Jul  6 19:21:40 sungho-VirtualBox kernel: [    0.000000]   node   0: [mem 0x0000000000001000-0x000000000009efff]
Jul  6 19:21:40 sungho-VirtualBox kernel: [    0.000000]   node   0: [mem 0x0000000000100000-0x00000000dffeffff]
Jul  6 19:21:40 sungho-VirtualBox kernel: [    0.000000]   node   0: [mem 0x0000000100000000-0x000000017a0fffff]
Jul  6 19:21:40 sungho-VirtualBox kernel: [    0.000000] Initmem setup node 0 [mem 0x0000000000001000-0x000000017a0fffff]
Jul  6 19:21:40 sungho-VirtualBox kernel: [    0.000000] On node 0 totalpages: 1417358
Jul  6 19:21:40 sungho-VirtualBox kernel: [    0.000000]   DMA zone: 64 pages used for memmap
Jul  6 19:21:40 sungho-VirtualBox kernel: [    0.000000]   DMA zone: 21 pages reserved
Jul  6 19:21:40 sungho-VirtualBox kernel: [    0.000000]   DMA zone: 3998 pages, LIFO batch:0
Jul  6 19:21:40 sungho-VirtualBox kernel: [    0.000000]   DMA32 zone: 14272 pages used for memmap
Jul  6 19:21:40 sungho-VirtualBox kernel: [    0.000000]   DMA32 zone: 913392 pages, LIFO batch:31
Jul  6 19:21:40 sungho-VirtualBox kernel: [    0.000000]   Normal zone: 7812 pages used for memmap
Jul  6 19:21:40 sungho-VirtualBox kernel: [    0.000000]   Normal zone: 499968 pages, LIFO batch:31
Jul  6 19:21:40 sungho-VirtualBox kernel: [    0.000000] ACPI: PM-Timer IO Port: 0x4008
Jul  6 19:21:40 sungho-VirtualBox kernel: [    0.000000] ACPI: Local APIC address 0xfee00000
Jul  6 19:21:40 sungho-VirtualBox kernel: [    0.000000] IOAPIC[0]: apic_id 4, version 32, address 0xfec00000, GSI 0-23
Jul  6 19:21:40 sungho-VirtualBox kernel: [    0.000000] ACPI: INT_SRC_OVR (bus 0 bus_irq 0 global_irq 2 dfl dfl)
Jul  6 19:21:40 sungho-VirtualBox kernel: [    0.000000] ACPI: INT_SRC_OVR (bus 0 bus_irq 9 global_irq 9 high level)
Jul  6 19:21:40 sungho-VirtualBox kernel: [    0.000000] ACPI: IRQ0 used by override.
Jul  6 19:21:40 sungho-VirtualBox kernel: [    0.000000] ACPI: IRQ9 used by override.
Jul  6 19:21:40 sungho-VirtualBox kernel: [    0.000000] Using ACPI (MADT) for SMP configuration information
Jul  6 19:21:40 sungho-VirtualBox kernel: [    0.000000] smpboot: Allowing 4 CPUs, 0 hotplug CPUs
Jul  6 19:21:40 sungho-VirtualBox kernel: [    0.000000] PM: Registered nosave memory: [mem 0x00000000-0x00000fff]
Jul  6 19:21:40 sungho-VirtualBox kernel: [    0.000000] PM: Registered nosave memory: [mem 0x0009f000-0x0009ffff]
Jul  6 19:21:40 sungho-VirtualBox kernel: [    0.000000] PM: Registered nosave memory: [mem 0x000a0000-0x000effff]
Jul  6 19:21:40 sungho-VirtualBox kernel: [    0.000000] PM: Registered nosave memory: [mem 0x000f0000-0x000fffff]
Jul  6 19:21:40 sungho-VirtualBox kernel: [    0.000000] PM: Registered nosave memory: [mem 0xdfff0000-0xdfffffff]
Jul  6 19:21:40 sungho-VirtualBox kernel: [    0.000000] PM: Registered nosave memory: [mem 0xe0000000-0xfebfffff]
Jul  6 19:21:40 sungho-VirtualBox kernel: [    0.000000] PM: Registered nosave memory: [mem 0xfec00000-0xfec00fff]
Jul  6 19:21:40 sungho-VirtualBox kernel: [    0.000000] PM: Registered nosave memory: [mem 0xfec01000-0xfedfffff]
Jul  6 19:21:40 sungho-VirtualBox kernel: [    0.000000] PM: Registered nosave memory: [mem 0xfee00000-0xfee00fff]
Jul  6 19:21:40 sungho-VirtualBox kernel: [    0.000000] PM: Registered nosave memory: [mem 0xfee01000-0xfffbffff]
Jul  6 19:21:40 sungho-VirtualBox kernel: [    0.000000] PM: Registered nosave memory: [mem 0xfffc0000-0xffffffff]
Jul  6 19:21:40 sungho-VirtualBox kernel: [    0.000000] e820: [mem 0xe0000000-0xfebfffff] available for PCI devices
Jul  6 19:21:40 sungho-VirtualBox kernel: [    0.000000] Booting paravirtualized kernel on KVM
Jul  6 19:21:40 sungho-VirtualBox kernel: [    0.000000] clocksource: refined-jiffies: mask: 0xffffffff max_cycles: 0xffffffff, max_idle_ns: 7645519600211568 ns
Jul  6 19:21:40 sungho-VirtualBox kernel: [    0.000000] setup_percpu: NR_CPUS:256 nr_cpumask_bits:256 nr_cpu_ids:4 nr_node_ids:1
Jul  6 19:21:40 sungho-VirtualBox kernel: [    0.000000] percpu: Embedded 36 pages/cpu @ffff92de39c00000 s107544 r8192 d31720 u524288
Jul  6 19:21:40 sungho-VirtualBox kernel: [    0.000000] pcpu-alloc: s107544 r8192 d31720 u524288 alloc=1*2097152
Jul  6 19:21:40 sungho-VirtualBox kernel: [    0.000000] pcpu-alloc: [0] 0 1 2 3 
Jul  6 19:21:40 sungho-VirtualBox kernel: [    0.000000] PV qspinlock hash table entries: 256 (order: 0, 4096 bytes)
Jul  6 19:21:40 sungho-VirtualBox kernel: [    0.000000] Built 1 zonelists in Node order, mobility grouping on.  Total pages: 1395189
Jul  6 19:21:40 sungho-VirtualBox kernel: [    0.000000] Policy zone: Normal
Jul  6 19:21:40 sungho-VirtualBox kernel: [    0.000000] Kernel command line: BOOT_IMAGE=/boot/vmlinuz-4.8.8SungHoHong+ root=UUID=a67dccc1-99ad-4d02-a07d-bfcc957a2d5b ro quiet splash
Jul  6 19:21:40 sungho-VirtualBox kernel: [    0.000000] PID hash table entries: 4096 (order: 3, 32768 bytes)
Jul  6 19:21:40 sungho-VirtualBox kernel: [    0.000000] Calgary: detecting Calgary via BIOS EBDA area
Jul  6 19:21:40 sungho-VirtualBox kernel: [    0.000000] Calgary: Unable to locate Rio Grande table in EBDA - bailing!
Jul  6 19:21:40 sungho-VirtualBox kernel: [    0.000000] Memory: 5177968K/5669432K available (8592K kernel code, 1419K rwdata, 3788K rodata, 1536K init, 1264K bss, 491464K reserved, 0K cma-reserved)
Jul  6 19:21:40 sungho-VirtualBox kernel: [    0.000000] SLUB: HWalign=64, Order=0-3, MinObjects=0, CPUs=4, Nodes=1
Jul  6 19:21:40 sungho-VirtualBox kernel: [    0.000000] Hierarchical RCU implementation.
Jul  6 19:21:40 sungho-VirtualBox kernel: [    0.000000] 	Build-time adjustment of leaf fanout to 64.
Jul  6 19:21:40 sungho-VirtualBox kernel: [    0.000000] 	RCU restricting CPUs from NR_CPUS=256 to nr_cpu_ids=4.
Jul  6 19:21:40 sungho-VirtualBox kernel: [    0.000000] RCU: Adjusting geometry for rcu_fanout_leaf=64, nr_cpu_ids=4
Jul  6 19:21:40 sungho-VirtualBox kernel: [    0.000000] NR_IRQS:16640 nr_irqs:456 16
Jul  6 19:21:40 sungho-VirtualBox kernel: [    0.000000] Console: colour VGA+ 80x25
Jul  6 19:21:40 sungho-VirtualBox kernel: [    0.000000] console [tty0] enabled
Jul  6 19:21:40 sungho-VirtualBox kernel: [    0.000000] tsc: Detected 3192.608 MHz processor
Jul  6 19:21:40 sungho-VirtualBox kernel: [    0.118756] Calibrating delay loop (skipped) preset value.. 6385.21 BogoMIPS (lpj=12770432)
Jul  6 19:21:40 sungho-VirtualBox kernel: [    0.118758] pid_max: default: 32768 minimum: 301
Jul  6 19:21:40 sungho-VirtualBox kernel: [    0.118764] ACPI: Core revision 20160422
Jul  6 19:21:40 sungho-VirtualBox kernel: [    0.119499] ACPI: 2 ACPI AML tables successfully acquired and loaded
Jul  6 19:21:40 sungho-VirtualBox kernel: [    0.119501] 
Jul  6 19:21:40 sungho-VirtualBox kernel: [    0.119515] Security Framework initialized
Jul  6 19:21:40 sungho-VirtualBox kernel: [    0.119516] Yama: becoming mindful.
Jul  6 19:21:40 sungho-VirtualBox kernel: [    0.119522] AppArmor: AppArmor initialized
Jul  6 19:21:40 sungho-VirtualBox kernel: [    0.121024] Dentry cache hash table entries: 1048576 (order: 11, 8388608 bytes)
Jul  6 19:21:40 sungho-VirtualBox kernel: [    0.125538] Inode-cache hash table entries: 524288 (order: 10, 4194304 bytes)
Jul  6 19:21:40 sungho-VirtualBox kernel: [    0.126990] Mount-cache hash table entries: 16384 (order: 5, 131072 bytes)
Jul  6 19:21:40 sungho-VirtualBox kernel: [    0.127005] Mountpoint-cache hash table entries: 16384 (order: 5, 131072 bytes)
Jul  6 19:21:40 sungho-VirtualBox kernel: [    0.127322] CPU: Physical Processor ID: 0
Jul  6 19:21:40 sungho-VirtualBox kernel: [    0.127322] CPU: Processor Core ID: 0
Jul  6 19:21:40 sungho-VirtualBox kernel: [    0.127335] mce: CPU supports 0 MCE banks
Jul  6 19:21:40 sungho-VirtualBox kernel: [    0.127358] Last level iTLB entries: 4KB 1024, 2MB 1024, 4MB 1024
Jul  6 19:21:40 sungho-VirtualBox kernel: [    0.127358] Last level dTLB entries: 4KB 1024, 2MB 1024, 4MB 1024, 1GB 4
Jul  6 19:21:40 sungho-VirtualBox kernel: [    0.128986] Freeing SMP alternatives memory: 32K (ffffffffb00e4000 - ffffffffb00ec000)
Jul  6 19:21:40 sungho-VirtualBox kernel: [    0.136229] ftrace: allocating 32762 entries in 128 pages
Jul  6 19:21:40 sungho-VirtualBox kernel: [    0.169796] smpboot: APIC(0) Converting physical 0 to logical package 0
Jul  6 19:21:40 sungho-VirtualBox kernel: [    0.169797] smpboot: Max logical packages: 1
Jul  6 19:21:40 sungho-VirtualBox kernel: [    0.170047] x2apic enabled
Jul  6 19:21:40 sungho-VirtualBox kernel: [    0.170231] Switched APIC routing to physical x2apic.
Jul  6 19:21:40 sungho-VirtualBox kernel: [    0.171155] ..TIMER: vector=0x30 apic1=0 pin1=2 apic2=-1 pin2=-1
Jul  6 19:21:40 sungho-VirtualBox kernel: [    0.275342] smpboot: CPU0: Intel(R) Core(TM) i5-4570 CPU @ 3.20GHz (family: 0x6, model: 0x3c, stepping: 0x3)
Jul  6 19:21:40 sungho-VirtualBox kernel: [    0.275347] Performance Events: unsupported p6 CPU model 60 no PMU driver, software events only.
Jul  6 19:21:40 sungho-VirtualBox kernel: [    0.275371] KVM setup paravirtual spinlock
Jul  6 19:21:40 sungho-VirtualBox kernel: [    0.276994] x86: Booting SMP configuration:
Jul  6 19:21:40 sungho-VirtualBox kernel: [    0.276995] .... node  #0, CPUs:      #1
Jul  6 19:21:40 sungho-VirtualBox kernel: [    0.277203] kvm-clock: cpu 1, msr 1:7a0f7041, secondary cpu clock
Jul  6 19:21:40 sungho-VirtualBox kernel: [    0.277277] mce: CPU supports 0 MCE banks
Jul  6 19:21:40 sungho-VirtualBox kernel: [    0.279464]  #2<6>[    0.279624] kvm-clock: cpu 2, msr 1:7a0f7081, secondary cpu clock
Jul  6 19:21:40 sungho-VirtualBox kernel: [    0.279693] mce: CPU supports 0 MCE banks
Jul  6 19:21:40 sungho-VirtualBox kernel: [    0.281848]  #3
Jul  6 19:21:40 sungho-VirtualBox kernel: [    0.282003] kvm-clock: cpu 3, msr 1:7a0f70c1, secondary cpu clock
Jul  6 19:21:40 sungho-VirtualBox kernel: [    0.282072] mce: CPU supports 0 MCE banks
Jul  6 19:21:40 sungho-VirtualBox kernel: [    0.284181] x86: Booted up 1 node, 4 CPUs
Jul  6 19:21:40 sungho-VirtualBox kernel: [    0.284182] smpboot: Total of 4 processors activated (25540.86 BogoMIPS)
Jul  6 19:21:40 sungho-VirtualBox kernel: [    0.284831] devtmpfs: initialized
Jul  6 19:21:40 sungho-VirtualBox kernel: [    0.284900] x86/mm: Memory block size: 128MB
Jul  6 19:21:40 sungho-VirtualBox kernel: [    0.286876] evm: security.selinux
Jul  6 19:21:40 sungho-VirtualBox kernel: [    0.286876] evm: security.SMACK64
Jul  6 19:21:40 sungho-VirtualBox kernel: [    0.286876] evm: security.SMACK64EXEC
Jul  6 19:21:40 sungho-VirtualBox kernel: [    0.286877] evm: security.SMACK64TRANSMUTE
Jul  6 19:21:40 sungho-VirtualBox kernel: [    0.286877] evm: security.SMACK64MMAP
Jul  6 19:21:40 sungho-VirtualBox kernel: [    0.286878] evm: security.ima
Jul  6 19:21:40 sungho-VirtualBox kernel: [    0.286878] evm: security.capability
Jul  6 19:21:40 sungho-VirtualBox kernel: [    0.287116] clocksource: jiffies: mask: 0xffffffff max_cycles: 0xffffffff, max_idle_ns: 7645041785100000 ns
Jul  6 19:21:40 sungho-VirtualBox kernel: [    0.287137] pinctrl core: initialized pinctrl subsystem
Jul  6 19:21:40 sungho-VirtualBox kernel: [    0.287238] RTC time:  2:21:21, date: 07/07/17
Jul  6 19:21:40 sungho-VirtualBox kernel: [    0.287435] NET: Registered protocol family 16
Jul  6 19:21:40 sungho-VirtualBox kernel: [    0.307454] cpuidle: using governor ladder
Jul  6 19:21:40 sungho-VirtualBox kernel: [    0.323754] cpuidle: using governor menu
Jul  6 19:21:40 sungho-VirtualBox kernel: [    0.323757] PCCT header not found.
Jul  6 19:21:40 sungho-VirtualBox kernel: [    0.323805] ACPI: bus type PCI registered
Jul  6 19:21:40 sungho-VirtualBox kernel: [    0.323807] acpiphp: ACPI Hot Plug PCI Controller Driver version: 0.5
Jul  6 19:21:40 sungho-VirtualBox kernel: [    0.323896] PCI: Using configuration type 1 for base access
Jul  6 19:21:40 sungho-VirtualBox kernel: [    0.340480] HugeTLB registered 2 MB page size, pre-allocated 0 pages
Jul  6 19:21:40 sungho-VirtualBox kernel: [    0.341116] ACPI: Added _OSI(Module Device)
Jul  6 19:21:40 sungho-VirtualBox kernel: [    0.341117] ACPI: Added _OSI(Processor Device)
Jul  6 19:21:40 sungho-VirtualBox kernel: [    0.341118] ACPI: Added _OSI(3.0 _SCP Extensions)
Jul  6 19:21:40 sungho-VirtualBox kernel: [    0.341118] ACPI: Added _OSI(Processor Aggregator Device)
Jul  6 19:21:40 sungho-VirtualBox kernel: [    0.341354] ACPI: Executed 1 blocks of module-level executable AML code
Jul  6 19:21:40 sungho-VirtualBox kernel: [    0.344070] ACPI: Interpreter enabled
Jul  6 19:21:40 sungho-VirtualBox kernel: [    0.344077] ACPI: (supports S0 S5)
Jul  6 19:21:40 sungho-VirtualBox kernel: [    0.344078] ACPI: Using IOAPIC for interrupt routing
Jul  6 19:21:40 sungho-VirtualBox kernel: [    0.344185] PCI: Using host bridge windows from ACPI; if necessary, use "pci=nocrs" and report a bug
Jul  6 19:21:40 sungho-VirtualBox kernel: [    0.347269] ACPI: PCI Root Bridge [PCI0] (domain 0000 [bus 00-ff])
Jul  6 19:21:40 sungho-VirtualBox kernel: [    0.347272] acpi PNP0A03:00: _OSC: OS supports [ASPM ClockPM Segments MSI]
Jul  6 19:21:40 sungho-VirtualBox kernel: [    0.347276] acpi PNP0A03:00: _OSC failed (AE_NOT_FOUND); disabling ASPM
Jul  6 19:21:40 sungho-VirtualBox kernel: [    0.347280] acpi PNP0A03:00: fail to add MMCONFIG information, can't access extended PCI configuration space under this bridge.
Jul  6 19:21:40 sungho-VirtualBox kernel: [    0.347522] PCI host bridge to bus 0000:00
Jul  6 19:21:40 sungho-VirtualBox kernel: [    0.347524] pci_bus 0000:00: root bus resource [io  0x0000-0x0cf7 window]
Jul  6 19:21:40 sungho-VirtualBox kernel: [    0.347524] pci_bus 0000:00: root bus resource [io  0x0d00-0xffff window]
Jul  6 19:21:40 sungho-VirtualBox kernel: [    0.347525] pci_bus 0000:00: root bus resource [mem 0x000a0000-0x000bffff window]
Jul  6 19:21:40 sungho-VirtualBox kernel: [    0.347526] pci_bus 0000:00: root bus resource [mem 0xe0000000-0xffdfffff window]
Jul  6 19:21:40 sungho-VirtualBox kernel: [    0.347527] pci_bus 0000:00: root bus resource [bus 00-ff]
Jul  6 19:21:40 sungho-VirtualBox kernel: [    0.347554] pci 0000:00:00.0: [8086:1237] type 00 class 0x060000
Jul  6 19:21:40 sungho-VirtualBox kernel: [    0.347905] pci 0000:00:01.0: [8086:7000] type 00 class 0x060100
Jul  6 19:21:40 sungho-VirtualBox kernel: [    0.348335] pci 0000:00:01.1: [8086:7111] type 00 class 0x01018a
Jul  6 19:21:40 sungho-VirtualBox kernel: [    0.348639] pci 0000:00:01.1: reg 0x20: [io  0xd000-0xd00f]
Jul  6 19:21:40 sungho-VirtualBox kernel: [    0.348762] pci 0000:00:01.1: legacy IDE quirk: reg 0x10: [io  0x01f0-0x01f7]
Jul  6 19:21:40 sungho-VirtualBox kernel: [    0.348762] pci 0000:00:01.1: legacy IDE quirk: reg 0x14: [io  0x03f6]
Jul  6 19:21:40 sungho-VirtualBox kernel: [    0.348763] pci 0000:00:01.1: legacy IDE quirk: reg 0x18: [io  0x0170-0x0177]
Jul  6 19:21:40 sungho-VirtualBox kernel: [    0.348764] pci 0000:00:01.1: legacy IDE quirk: reg 0x1c: [io  0x0376]
Jul  6 19:21:40 sungho-VirtualBox kernel: [    0.348911] pci 0000:00:02.0: [80ee:beef] type 00 class 0x030000
Jul  6 19:21:40 sungho-VirtualBox kernel: [    0.352660] pci 0000:00:02.0: reg 0x10: [mem 0xe0000000-0xe0ffffff pref]
Jul  6 19:21:40 sungho-VirtualBox kernel: [    0.373836] pci 0000:00:03.0: [8086:100e] type 00 class 0x020000
Jul  6 19:21:40 sungho-VirtualBox kernel: [    0.377158] pci 0000:00:03.0: reg 0x10: [mem 0xf0000000-0xf001ffff]
Jul  6 19:21:40 sungho-VirtualBox kernel: [    0.383757] pci 0000:00:03.0: reg 0x18: [io  0xd010-0xd017]
Jul  6 19:21:40 sungho-VirtualBox kernel: [    0.399611] pci 0000:00:04.0: [80ee:cafe] type 00 class 0x088000
Jul  6 19:21:40 sungho-VirtualBox kernel: [    0.402957] pci 0000:00:04.0: reg 0x10: [io  0xd020-0xd03f]
Jul  6 19:21:40 sungho-VirtualBox kernel: [    0.406229] pci 0000:00:04.0: reg 0x14: [mem 0xf0400000-0xf07fffff]
Jul  6 19:21:40 sungho-VirtualBox kernel: [    0.411699] pci 0000:00:04.0: reg 0x18: [mem 0xf0800000-0xf0803fff pref]
Jul  6 19:21:40 sungho-VirtualBox kernel: [    0.426527] pci 0000:00:05.0: [8086:2415] type 00 class 0x040100
Jul  6 19:21:40 sungho-VirtualBox kernel: [    0.426633] pci 0000:00:05.0: reg 0x10: [io  0xd100-0xd1ff]
Jul  6 19:21:40 sungho-VirtualBox kernel: [    0.426706] pci 0000:00:05.0: reg 0x14: [io  0xd200-0xd23f]
Jul  6 19:21:40 sungho-VirtualBox kernel: [    0.427241] pci 0000:00:06.0: [106b:003f] type 00 class 0x0c0310
Jul  6 19:21:40 sungho-VirtualBox kernel: [    0.431089] pci 0000:00:06.0: reg 0x10: [mem 0xf0804000-0xf0804fff]
Jul  6 19:21:40 sungho-VirtualBox kernel: [    0.453036] pci 0000:00:07.0: [8086:7113] type 00 class 0x068000
Jul  6 19:21:40 sungho-VirtualBox kernel: [    0.453391] pci 0000:00:07.0: quirk: [io  0x4000-0x403f] claimed by PIIX4 ACPI
Jul  6 19:21:40 sungho-VirtualBox kernel: [    0.453398] pci 0000:00:07.0: quirk: [io  0x4100-0x410f] claimed by PIIX4 SMB
Jul  6 19:21:40 sungho-VirtualBox kernel: [    0.453609] pci 0000:00:0d.0: [8086:2829] type 00 class 0x010601
Jul  6 19:21:40 sungho-VirtualBox kernel: [    0.457197] pci 0000:00:0d.0: reg 0x10: [io  0xd240-0xd247]
Jul  6 19:21:40 sungho-VirtualBox kernel: [    0.464368] pci 0000:00:0d.0: reg 0x18: [io  0xd250-0xd257]
Jul  6 19:21:40 sungho-VirtualBox kernel: [    0.472142] pci 0000:00:0d.0: reg 0x20: [io  0xd260-0xd26f]
Jul  6 19:21:40 sungho-VirtualBox kernel: [    0.475706] pci 0000:00:0d.0: reg 0x24: [mem 0xf0806000-0xf0807fff]
Jul  6 19:21:40 sungho-VirtualBox kernel: [    0.480768] ACPI: PCI Interrupt Link [LNKA] (IRQs 5 9 10 *11)
Jul  6 19:21:40 sungho-VirtualBox kernel: [    0.480917] ACPI: PCI Interrupt Link [LNKB] (IRQs 5 9 10 *11)
Jul  6 19:21:40 sungho-VirtualBox kernel: [    0.480975] ACPI: PCI Interrupt Link [LNKC] (IRQs 5 9 *10 11)
Jul  6 19:21:40 sungho-VirtualBox kernel: [    0.481052] ACPI: PCI Interrupt Link [LNKD] (IRQs 5 *9 10 11)
Jul  6 19:21:40 sungho-VirtualBox kernel: [    0.481157] ACPI: Enabled 2 GPEs in block 00 to 07
Jul  6 19:21:40 sungho-VirtualBox kernel: [    0.481471] vgaarb: setting as boot device: PCI:0000:00:02.0
Jul  6 19:21:40 sungho-VirtualBox kernel: [    0.481472] vgaarb: device added: PCI:0000:00:02.0,decodes=io+mem,owns=io+mem,locks=none
Jul  6 19:21:40 sungho-VirtualBox kernel: [    0.481474] vgaarb: loaded
Jul  6 19:21:40 sungho-VirtualBox kernel: [    0.481474] vgaarb: bridge control possible 0000:00:02.0
Jul  6 19:21:40 sungho-VirtualBox kernel: [    0.481618] SCSI subsystem initialized
Jul  6 19:21:40 sungho-VirtualBox kernel: [    0.481784] libata version 3.00 loaded.
Jul  6 19:21:40 sungho-VirtualBox kernel: [    0.481819] ACPI: bus type USB registered
Jul  6 19:21:40 sungho-VirtualBox kernel: [    0.481832] usbcore: registered new interface driver usbfs
Jul  6 19:21:40 sungho-VirtualBox kernel: [    0.481838] usbcore: registered new interface driver hub
Jul  6 19:21:40 sungho-VirtualBox kernel: [    0.481863] usbcore: registered new device driver usb
Jul  6 19:21:40 sungho-VirtualBox kernel: [    0.482074] PCI: Using ACPI for IRQ routing
Jul  6 19:21:40 sungho-VirtualBox kernel: [    0.482075] PCI: pci_cache_line_size set to 64 bytes
Jul  6 19:21:40 sungho-VirtualBox kernel: [    0.482216] e820: reserve RAM buffer [mem 0x0009fc00-0x0009ffff]
Jul  6 19:21:40 sungho-VirtualBox kernel: [    0.482219] e820: reserve RAM buffer [mem 0xdfff0000-0xdfffffff]
Jul  6 19:21:40 sungho-VirtualBox kernel: [    0.482220] e820: reserve RAM buffer [mem 0x17a100000-0x17bffffff]
Jul  6 19:21:40 sungho-VirtualBox kernel: [    0.482305] NetLabel: Initializing
Jul  6 19:21:40 sungho-VirtualBox kernel: [    0.482306] NetLabel:  domain hash size = 128
Jul  6 19:21:40 sungho-VirtualBox kernel: [    0.482306] NetLabel:  protocols = UNLABELED CIPSOv4
Jul  6 19:21:40 sungho-VirtualBox kernel: [    0.482318] NetLabel:  unlabeled traffic allowed by default
Jul  6 19:21:40 sungho-VirtualBox kernel: [    0.491887] clocksource: Switched to clocksource kvm-clock
Jul  6 19:21:40 sungho-VirtualBox kernel: [    0.499228] VFS: Disk quotas dquot_6.6.0
Jul  6 19:21:40 sungho-VirtualBox kernel: [    0.499247] VFS: Dquot-cache hash table entries: 512 (order 0, 4096 bytes)
Jul  6 19:21:40 sungho-VirtualBox kernel: [    0.499302] AppArmor: AppArmor Filesystem Enabled
Jul  6 19:21:40 sungho-VirtualBox kernel: [    0.499345] pnp: PnP ACPI init
Jul  6 19:21:40 sungho-VirtualBox kernel: [    0.499415] pnp 00:00: Plug and Play ACPI device, IDs PNP0303 (active)
Jul  6 19:21:40 sungho-VirtualBox kernel: [    0.499471] pnp 00:01: Plug and Play ACPI device, IDs PNP0f03 (active)
Jul  6 19:21:40 sungho-VirtualBox kernel: [    0.500046] pnp: PnP ACPI: found 2 devices
Jul  6 19:21:40 sungho-VirtualBox kernel: [    0.509128] clocksource: acpi_pm: mask: 0xffffff max_cycles: 0xffffff, max_idle_ns: 2085701024 ns
Jul  6 19:21:40 sungho-VirtualBox kernel: [    0.509141] pci_bus 0000:00: resource 4 [io  0x0000-0x0cf7 window]
Jul  6 19:21:40 sungho-VirtualBox kernel: [    0.509142] pci_bus 0000:00: resource 5 [io  0x0d00-0xffff window]
Jul  6 19:21:40 sungho-VirtualBox kernel: [    0.509143] pci_bus 0000:00: resource 6 [mem 0x000a0000-0x000bffff window]
Jul  6 19:21:40 sungho-VirtualBox kernel: [    0.509150] pci_bus 0000:00: resource 7 [mem 0xe0000000-0xffdfffff window]
Jul  6 19:21:40 sungho-VirtualBox kernel: [    0.509178] NET: Registered protocol family 2
Jul  6 19:21:40 sungho-VirtualBox kernel: [    0.509333] TCP established hash table entries: 65536 (order: 7, 524288 bytes)
Jul  6 19:21:40 sungho-VirtualBox kernel: [    0.509435] TCP bind hash table entries: 65536 (order: 8, 1048576 bytes)
Jul  6 19:21:40 sungho-VirtualBox kernel: [    0.510658] TCP: Hash tables configured (established 65536 bind 65536)
Jul  6 19:21:40 sungho-VirtualBox kernel: [    0.510682] UDP hash table entries: 4096 (order: 5, 131072 bytes)
Jul  6 19:21:40 sungho-VirtualBox kernel: [    0.510695] UDP-Lite hash table entries: 4096 (order: 5, 131072 bytes)
Jul  6 19:21:40 sungho-VirtualBox kernel: [    0.510744] NET: Registered protocol family 1
Jul  6 19:21:40 sungho-VirtualBox kernel: [    0.510754] pci 0000:00:00.0: Limiting direct PCI/PCI transfers
Jul  6 19:21:40 sungho-VirtualBox kernel: [    0.510782] pci 0000:00:01.0: Activating ISA DMA hang workarounds
Jul  6 19:21:40 sungho-VirtualBox kernel: [    0.510817] pci 0000:00:02.0: Video device with shadowed ROM at [mem 0x000c0000-0x000dffff]
Jul  6 19:21:40 sungho-VirtualBox kernel: [    0.511708] PCI: CLS 0 bytes, default 64
Jul  6 19:21:40 sungho-VirtualBox kernel: [    0.511752] Trying to unpack rootfs image as initramfs...
Jul  6 19:21:40 sungho-VirtualBox kernel: [    4.395947] Freeing initrd memory: 315704K (ffff92dcd1754000 - ffff92dce4ba2000)
Jul  6 19:21:40 sungho-VirtualBox kernel: [    4.395951] PCI-DMA: Using software bounce buffering for IO (SWIOTLB)
Jul  6 19:21:40 sungho-VirtualBox kernel: [    4.395953] software IO TLB [mem 0xdbff0000-0xdfff0000] (64MB) mapped at [ffff92dd9bff0000-ffff92dd9ffeffff]
Jul  6 19:21:40 sungho-VirtualBox kernel: [    4.396326] RAPL PMU: API unit is 2^-32 Joules, 4 fixed counters, 10737418240 ms ovfl timer
Jul  6 19:21:40 sungho-VirtualBox kernel: [    4.396327] RAPL PMU: hw unit of domain pp0-core 2^-0 Joules
Jul  6 19:21:40 sungho-VirtualBox kernel: [    4.396327] RAPL PMU: hw unit of domain package 2^-0 Joules
Jul  6 19:21:40 sungho-VirtualBox kernel: [    4.396328] RAPL PMU: hw unit of domain dram 2^-0 Joules
Jul  6 19:21:40 sungho-VirtualBox kernel: [    4.396328] RAPL PMU: hw unit of domain pp1-gpu 2^-0 Joules
Jul  6 19:21:40 sungho-VirtualBox kernel: [    4.396375] platform rtc_cmos: registered platform RTC device (no PNP device found)
Jul  6 19:21:40 sungho-VirtualBox kernel: [    4.396394] Scanning for low memory corruption every 60 seconds
Jul  6 19:21:40 sungho-VirtualBox kernel: [    4.397021] futex hash table entries: 1024 (order: 4, 65536 bytes)
Jul  6 19:21:40 sungho-VirtualBox kernel: [    4.397048] audit: initializing netlink subsys (disabled)
Jul  6 19:21:40 sungho-VirtualBox kernel: [    4.397062] audit: type=2000 audit(1499394095.219:1): initialized
Jul  6 19:21:40 sungho-VirtualBox kernel: [    4.397321] Initialise system trusted keyrings
Jul  6 19:21:40 sungho-VirtualBox kernel: [    4.397584] workingset: timestamp_bits=40 max_order=21 bucket_order=0
Jul  6 19:21:40 sungho-VirtualBox kernel: [    4.398649] zbud: loaded
Jul  6 19:21:40 sungho-VirtualBox kernel: [    4.398891] squashfs: version 4.0 (2009/01/31) Phillip Lougher
Jul  6 19:21:40 sungho-VirtualBox kernel: [    4.399131] fuse init (API version 7.25)
Jul  6 19:21:40 sungho-VirtualBox kernel: [    4.400857] Key type asymmetric registered
Jul  6 19:21:40 sungho-VirtualBox kernel: [    4.400858] Asymmetric key parser 'x509' registered
Jul  6 19:21:40 sungho-VirtualBox kernel: [    4.400887] Block layer SCSI generic (bsg) driver version 0.4 loaded (major 248)
Jul  6 19:21:40 sungho-VirtualBox kernel: [    4.400955] io scheduler noop registered
Jul  6 19:21:40 sungho-VirtualBox kernel: [    4.400956] io scheduler deadline registered (default)
Jul  6 19:21:40 sungho-VirtualBox kernel: [    4.400963] io scheduler cfq registered
Jul  6 19:21:40 sungho-VirtualBox kernel: [    4.401038] pci_hotplug: PCI Hot Plug PCI Core version: 0.5
Jul  6 19:21:40 sungho-VirtualBox kernel: [    4.401041] pciehp: PCI Express Hot Plug Controller Driver version: 0.4
Jul  6 19:21:40 sungho-VirtualBox kernel: [    4.401062] intel_idle: does not run on family 6 model 60
Jul  6 19:21:40 sungho-VirtualBox kernel: [    4.401279] ACPI: AC Adapter [AC] (on-line)
Jul  6 19:21:40 sungho-VirtualBox kernel: [    4.401322] input: Power Button as /devices/LNXSYSTM:00/LNXPWRBN:00/input/input0
Jul  6 19:21:40 sungho-VirtualBox kernel: [    4.401324] ACPI: Power Button [PWRF]
Jul  6 19:21:40 sungho-VirtualBox kernel: [    4.401379] input: Sleep Button as /devices/LNXSYSTM:00/LNXSLPBN:00/input/input1
Jul  6 19:21:40 sungho-VirtualBox kernel: [    4.401380] ACPI: Sleep Button [SLPF]
Jul  6 19:21:40 sungho-VirtualBox kernel: [    4.401568] GHES: HEST is not enabled!
Jul  6 19:21:40 sungho-VirtualBox kernel: [    4.401634] Serial: 8250/16550 driver, 32 ports, IRQ sharing enabled
Jul  6 19:21:40 sungho-VirtualBox kernel: [    4.402405] Linux agpgart interface v0.103
Jul  6 19:21:40 sungho-VirtualBox kernel: [    4.407804] brd: module loaded
Jul  6 19:21:40 sungho-VirtualBox kernel: [    4.409486] loop: module loaded
Jul  6 19:21:40 sungho-VirtualBox kernel: [    4.409630] ata_piix 0000:00:01.1: version 2.13
Jul  6 19:21:40 sungho-VirtualBox kernel: [    4.410114] scsi host0: ata_piix
Jul  6 19:21:40 sungho-VirtualBox kernel: [    4.410383] scsi host1: ata_piix
Jul  6 19:21:40 sungho-VirtualBox kernel: [    4.410415] ata1: PATA max UDMA/33 cmd 0x1f0 ctl 0x3f6 bmdma 0xd000 irq 14
Jul  6 19:21:40 sungho-VirtualBox kernel: [    4.410416] ata2: PATA max UDMA/33 cmd 0x170 ctl 0x376 bmdma 0xd008 irq 15
Jul  6 19:21:40 sungho-VirtualBox kernel: [    4.410495] libphy: Fixed MDIO Bus: probed
Jul  6 19:21:40 sungho-VirtualBox kernel: [    4.410496] tun: Universal TUN/TAP device driver, 1.6
Jul  6 19:21:40 sungho-VirtualBox kernel: [    4.410496] tun: (C) 1999-2004 Max Krasnyansky <maxk@qualcomm.com>
Jul  6 19:21:40 sungho-VirtualBox kernel: [    4.410526] PPP generic driver version 2.4.2
Jul  6 19:21:40 sungho-VirtualBox kernel: [    4.410559] ehci_hcd: USB 2.0 'Enhanced' Host Controller (EHCI) Driver
Jul  6 19:21:40 sungho-VirtualBox kernel: [    4.410562] ehci-pci: EHCI PCI platform driver
Jul  6 19:21:40 sungho-VirtualBox kernel: [    4.410571] ehci-platform: EHCI generic platform driver
Jul  6 19:21:40 sungho-VirtualBox kernel: [    4.410576] ohci_hcd: USB 1.1 'Open' Host Controller (OHCI) Driver
Jul  6 19:21:40 sungho-VirtualBox kernel: [    4.410577] ohci-pci: OHCI PCI platform driver
Jul  6 19:21:40 sungho-VirtualBox kernel: [    4.411016] ohci-pci 0000:00:06.0: OHCI PCI host controller
Jul  6 19:21:40 sungho-VirtualBox kernel: [    4.411021] ohci-pci 0000:00:06.0: new USB bus registered, assigned bus number 1
Jul  6 19:21:40 sungho-VirtualBox kernel: [    4.411078] ohci-pci 0000:00:06.0: irq 22, io mem 0xf0804000
Jul  6 19:21:40 sungho-VirtualBox kernel: [    4.471898] usb usb1: New USB device found, idVendor=1d6b, idProduct=0001
Jul  6 19:21:40 sungho-VirtualBox kernel: [    4.471899] usb usb1: New USB device strings: Mfr=3, Product=2, SerialNumber=1
Jul  6 19:21:40 sungho-VirtualBox kernel: [    4.471900] usb usb1: Product: OHCI PCI host controller
Jul  6 19:21:40 sungho-VirtualBox kernel: [    4.471901] usb usb1: Manufacturer: Linux 4.8.8SungHoHong+ ohci_hcd
Jul  6 19:21:40 sungho-VirtualBox kernel: [    4.471901] usb usb1: SerialNumber: 0000:00:06.0
Jul  6 19:21:40 sungho-VirtualBox kernel: [    4.472009] hub 1-0:1.0: USB hub found
Jul  6 19:21:40 sungho-VirtualBox kernel: [    4.472019] hub 1-0:1.0: 12 ports detected
Jul  6 19:21:40 sungho-VirtualBox kernel: [    4.472322] ohci-platform: OHCI generic platform driver
Jul  6 19:21:40 sungho-VirtualBox kernel: [    4.472333] uhci_hcd: USB Universal Host Controller Interface driver
Jul  6 19:21:40 sungho-VirtualBox kernel: [    4.472388] i8042: PNP: PS/2 Controller [PNP0303:PS2K,PNP0f03:PS2M] at 0x60,0x64 irq 1,12
Jul  6 19:21:40 sungho-VirtualBox kernel: [    4.472880] serio: i8042 KBD port at 0x60,0x64 irq 1
Jul  6 19:21:40 sungho-VirtualBox kernel: [    4.472884] serio: i8042 AUX port at 0x60,0x64 irq 12
Jul  6 19:21:40 sungho-VirtualBox kernel: [    4.472975] mousedev: PS/2 mouse device common for all mice
Jul  6 19:21:40 sungho-VirtualBox kernel: [    4.473231] rtc_cmos rtc_cmos: rtc core: registered rtc_cmos as rtc0
Jul  6 19:21:40 sungho-VirtualBox kernel: [    4.473278] rtc_cmos rtc_cmos: alarms up to one day, 114 bytes nvram
Jul  6 19:21:40 sungho-VirtualBox kernel: [    4.473292] i2c /dev entries driver
Jul  6 19:21:40 sungho-VirtualBox kernel: [    4.473339] device-mapper: uevent: version 1.0.3
Jul  6 19:21:40 sungho-VirtualBox kernel: [    4.473416] device-mapper: ioctl: 4.35.0-ioctl (2016-06-23) initialised: dm-devel@redhat.com
Jul  6 19:21:40 sungho-VirtualBox kernel: [    4.473646] ledtrig-cpu: registered to indicate activity on CPUs
Jul  6 19:21:40 sungho-VirtualBox kernel: [    4.473938] input: AT Translated Set 2 keyboard as /devices/platform/i8042/serio0/input/input2
Jul  6 19:21:40 sungho-VirtualBox kernel: [    4.474258] NET: Registered protocol family 10
Jul  6 19:21:40 sungho-VirtualBox kernel: [    4.474512] NET: Registered protocol family 17
Jul  6 19:21:40 sungho-VirtualBox kernel: [    4.474519] Key type dns_resolver registered
Jul  6 19:21:40 sungho-VirtualBox kernel: [    4.474797] microcode: sig=0x306c3, pf=0x40, revision=0x0
Jul  6 19:21:40 sungho-VirtualBox kernel: [    4.474988] microcode: Microcode Update Driver: v2.01 <tigran@aivazian.fsnet.co.uk>, Peter Oruba
Jul  6 19:21:40 sungho-VirtualBox kernel: [    4.475513] registered taskstats version 1
Jul  6 19:21:40 sungho-VirtualBox kernel: [    4.475516] Loading compiled-in X.509 certificates
Jul  6 19:21:40 sungho-VirtualBox kernel: [    4.477970] Loaded X.509 cert 'Build time autogenerated kernel key: 765b5d913bd04753c5c8de207e7f427636652c6a'
Jul  6 19:21:40 sungho-VirtualBox kernel: [    4.477987] zswap: loaded using pool lzo/zbud
Jul  6 19:21:40 sungho-VirtualBox kernel: [    4.480077] Key type trusted registered
Jul  6 19:21:40 sungho-VirtualBox kernel: [    4.482895] Key type encrypted registered
Jul  6 19:21:40 sungho-VirtualBox kernel: [    4.482898] AppArmor: AppArmor sha1 policy hashing enabled
Jul  6 19:21:40 sungho-VirtualBox kernel: [    4.482899] ima: No TPM chip found, activating TPM-bypass!
Jul  6 19:21:40 sungho-VirtualBox kernel: [    4.482918] evm: HMAC attrs: 0x1
Jul  6 19:21:40 sungho-VirtualBox kernel: [    4.483238]   Magic number: 9:562:358
Jul  6 19:21:40 sungho-VirtualBox kernel: [    4.483383] rtc_cmos rtc_cmos: setting system clock to 2017-07-07 02:21:25 UTC (1499394085)
Jul  6 19:21:40 sungho-VirtualBox kernel: [    4.483542] BIOS EDD facility v0.16 2004-Jun-25, 0 devices found
Jul  6 19:21:40 sungho-VirtualBox kernel: [    4.483543] EDD information not available.
Jul  6 19:21:40 sungho-VirtualBox kernel: [    4.483568] PM: Hibernation image not present or could not be loaded.
Jul  6 19:21:40 sungho-VirtualBox kernel: [    4.568254] ata2.00: ATAPI: VBOX CD-ROM, 1.0, max UDMA/133
Jul  6 19:21:40 sungho-VirtualBox kernel: [    4.568542] ata2.00: configured for UDMA/33
Jul  6 19:21:40 sungho-VirtualBox kernel: [    4.569213] scsi 1:0:0:0: CD-ROM            VBOX     CD-ROM           1.0  PQ: 0 ANSI: 5
Jul  6 19:21:40 sungho-VirtualBox kernel: [    4.569742] sr 1:0:0:0: [sr0] scsi3-mmc drive: 32x/32x xa/form2 tray
Jul  6 19:21:40 sungho-VirtualBox kernel: [    4.569743] cdrom: Uniform CD-ROM driver Revision: 3.20
Jul  6 19:21:40 sungho-VirtualBox kernel: [    4.569958] sr 1:0:0:0: Attached scsi CD-ROM sr0
Jul  6 19:21:40 sungho-VirtualBox kernel: [    4.570247] sr 1:0:0:0: Attached scsi generic sg0 type 5
Jul  6 19:21:40 sungho-VirtualBox kernel: [    4.571429] Freeing unused kernel memory: 1536K (ffffffffaff64000 - ffffffffb00e4000)
Jul  6 19:21:40 sungho-VirtualBox kernel: [    4.571430] Write protecting the kernel read-only data: 14336k
Jul  6 19:21:40 sungho-VirtualBox kernel: [    4.572199] Freeing unused kernel memory: 1632K (ffff92ddd9868000 - ffff92ddd9a00000)
Jul  6 19:21:40 sungho-VirtualBox kernel: [    4.572811] Freeing unused kernel memory: 308K (ffff92ddd9db3000 - ffff92ddd9e00000)
Jul  6 19:21:40 sungho-VirtualBox kernel: [    4.582634] random: systemd-udevd: uninitialized urandom read (16 bytes read)
Jul  6 19:21:40 sungho-VirtualBox kernel: [    4.582682] random: systemd-udevd: uninitialized urandom read (16 bytes read)
Jul  6 19:21:40 sungho-VirtualBox kernel: [    4.582689] random: systemd-udevd: uninitialized urandom read (16 bytes read)
Jul  6 19:21:40 sungho-VirtualBox kernel: [    4.583178] random: udevadm: uninitialized urandom read (16 bytes read)
Jul  6 19:21:40 sungho-VirtualBox kernel: [    4.583201] random: udevadm: uninitialized urandom read (16 bytes read)
Jul  6 19:21:40 sungho-VirtualBox kernel: [    4.583603] random: udevadm: uninitialized urandom read (16 bytes read)
Jul  6 19:21:40 sungho-VirtualBox kernel: [    4.583636] random: udevadm: uninitialized urandom read (16 bytes read)
Jul  6 19:21:40 sungho-VirtualBox kernel: [    4.583644] random: udevadm: uninitialized urandom read (16 bytes read)
Jul  6 19:21:40 sungho-VirtualBox kernel: [    4.583795] random: udevadm: uninitialized urandom read (16 bytes read)
Jul  6 19:21:40 sungho-VirtualBox kernel: [    4.583824] random: udevadm: uninitialized urandom read (16 bytes read)
Jul  6 19:21:40 sungho-VirtualBox kernel: [    4.651492] e1000: Intel(R) PRO/1000 Network Driver - version 7.3.21-k8-NAPI
Jul  6 19:21:40 sungho-VirtualBox kernel: [    4.651493] e1000: Copyright (c) 1999-2006 Intel Corporation.
Jul  6 19:21:40 sungho-VirtualBox kernel: [    4.653564] ACPI: Video Device [GFX0] (multi-head: yes  rom: no  post: no)
Jul  6 19:21:40 sungho-VirtualBox kernel: [    4.653695] input: Video Bus as /devices/LNXSYSTM:00/LNXSYBUS:00/PNP0A03:00/LNXVIDEO:00/input/input4
Jul  6 19:21:40 sungho-VirtualBox kernel: [    4.653709] FUJITSU Extended Socket Network Device Driver - version 1.1 - Copyright (c) 2015 FUJITSU LIMITED
Jul  6 19:21:40 sungho-VirtualBox kernel: [    4.869218] input: ImExPS/2 BYD TouchPad as /devices/platform/i8042/serio1/input/input5
Jul  6 19:21:40 sungho-VirtualBox kernel: [    4.932230] usb 1-1: new full-speed USB device number 2 using ohci-pci
Jul  6 19:21:40 sungho-VirtualBox kernel: [    5.018017] e1000 0000:00:03.0 eth0: (PCI:33MHz:32-bit) 08:00:27:5b:35:06
Jul  6 19:21:40 sungho-VirtualBox kernel: [    5.018024] e1000 0000:00:03.0 eth0: Intel(R) PRO/1000 Network Connection
Jul  6 19:21:40 sungho-VirtualBox kernel: [    5.018121] ahci 0000:00:0d.0: version 3.0
Jul  6 19:21:40 sungho-VirtualBox kernel: [    5.018667] ahci 0000:00:0d.0: SSS flag set, parallel bus scan disabled
Jul  6 19:21:40 sungho-VirtualBox kernel: [    5.018783] ahci 0000:00:0d.0: AHCI 0001.0100 32 slots 2 ports 3 Gbps 0x3 impl SATA mode
Jul  6 19:21:40 sungho-VirtualBox kernel: [    5.018785] ahci 0000:00:0d.0: flags: 64bit ncq stag only ccc 
Jul  6 19:21:40 sungho-VirtualBox kernel: [    5.019053] e1000 0000:00:03.0 enp0s3: renamed from eth0
Jul  6 19:21:40 sungho-VirtualBox kernel: [    5.019306] scsi host2: ahci
Jul  6 19:21:40 sungho-VirtualBox kernel: [    5.019599] scsi host3: ahci
Jul  6 19:21:40 sungho-VirtualBox kernel: [    5.019683] ata3: SATA max UDMA/133 abar m8192@0xf0806000 port 0xf0806100 irq 21
Jul  6 19:21:40 sungho-VirtualBox kernel: [    5.019686] ata4: SATA max UDMA/133 abar m8192@0xf0806000 port 0xf0806180 irq 21
Jul  6 19:21:40 sungho-VirtualBox kernel: [    5.247122] random: fast init done
Jul  6 19:21:40 sungho-VirtualBox kernel: [    5.264238] usb 1-1: New USB device found, idVendor=80ee, idProduct=0021
Jul  6 19:21:40 sungho-VirtualBox kernel: [    5.264239] usb 1-1: New USB device strings: Mfr=1, Product=3, SerialNumber=0
Jul  6 19:21:40 sungho-VirtualBox kernel: [    5.264240] usb 1-1: Product: USB Tablet
Jul  6 19:21:40 sungho-VirtualBox kernel: [    5.264241] usb 1-1: Manufacturer: VirtualBox
Jul  6 19:21:40 sungho-VirtualBox kernel: [    5.274848] hidraw: raw HID events driver (C) Jiri Kosina
Jul  6 19:21:40 sungho-VirtualBox kernel: [    5.289361] usbcore: registered new interface driver usbhid
Jul  6 19:21:40 sungho-VirtualBox kernel: [    5.289362] usbhid: USB HID core driver
Jul  6 19:21:40 sungho-VirtualBox kernel: [    5.295075] input: VirtualBox USB Tablet as /devices/pci0000:00/0000:00:06.0/usb1/1-1/1-1:1.0/0003:80EE:0021.0001/input/input6
Jul  6 19:21:40 sungho-VirtualBox kernel: [    5.295317] hid-generic 0003:80EE:0021.0001: input,hidraw0: USB HID v1.10 Mouse [VirtualBox USB Tablet] on usb-0000:00:06.0-1/input0
Jul  6 19:21:40 sungho-VirtualBox kernel: [    5.334608] ata3: SATA link up 3.0 Gbps (SStatus 123 SControl 300)
Jul  6 19:21:40 sungho-VirtualBox kernel: [    5.334801] ata3.00: ATA-6: VBOX HARDDISK, 1.0, max UDMA/133
Jul  6 19:21:40 sungho-VirtualBox kernel: [    5.334803] ata3.00: 104857600 sectors, multi 128: LBA48 NCQ (depth 31/32)
Jul  6 19:21:40 sungho-VirtualBox kernel: [    5.335108] ata3.00: configured for UDMA/133
Jul  6 19:21:40 sungho-VirtualBox kernel: [    5.335445] scsi 2:0:0:0: Direct-Access     ATA      VBOX HARDDISK    1.0  PQ: 0 ANSI: 5
Jul  6 19:21:40 sungho-VirtualBox kernel: [    5.368125] sd 2:0:0:0: [sda] 104857600 512-byte logical blocks: (53.7 GB/50.0 GiB)
Jul  6 19:21:40 sungho-VirtualBox kernel: [    5.368147] sd 2:0:0:0: [sda] Write Protect is off
Jul  6 19:21:40 sungho-VirtualBox kernel: [    5.368148] sd 2:0:0:0: [sda] Mode Sense: 00 3a 00 00
Jul  6 19:21:40 sungho-VirtualBox kernel: [    5.368157] sd 2:0:0:0: [sda] Write cache: enabled, read cache: enabled, doesn't support DPO or FUA
Jul  6 19:21:40 sungho-VirtualBox kernel: [    5.368165] sd 2:0:0:0: Attached scsi generic sg1 type 0
Jul  6 19:21:40 sungho-VirtualBox kernel: [    5.401151]  sda: sda1 sda2 < sda5 >
Jul  6 19:21:40 sungho-VirtualBox kernel: [    5.401716] sd 2:0:0:0: [sda] Attached SCSI disk
Jul  6 19:21:40 sungho-VirtualBox kernel: [    5.428273] tsc: Refined TSC clocksource calibration: 3191.301 MHz
Jul  6 19:21:40 sungho-VirtualBox kernel: [    5.428300] clocksource: tsc: mask: 0xffffffffffffffff max_cycles: 0x2e0030c373b, max_idle_ns: 440795339621 ns
Jul  6 19:21:40 sungho-VirtualBox kernel: [    5.683919] ata4: SATA link up 3.0 Gbps (SStatus 123 SControl 300)
Jul  6 19:21:40 sungho-VirtualBox kernel: [    5.684120] ata4.00: ATA-6: VBOX HARDDISK, 1.0, max UDMA/133
Jul  6 19:21:40 sungho-VirtualBox kernel: [    5.684121] ata4.00: 16777216 sectors, multi 128: LBA48 NCQ (depth 31/32)
Jul  6 19:21:40 sungho-VirtualBox kernel: [    5.684415] ata4.00: configured for UDMA/133
Jul  6 19:21:40 sungho-VirtualBox kernel: [    5.684728] scsi 3:0:0:0: Direct-Access     ATA      VBOX HARDDISK    1.0  PQ: 0 ANSI: 5
Jul  6 19:21:40 sungho-VirtualBox kernel: [    5.716687] sd 3:0:0:0: Attached scsi generic sg2 type 0
Jul  6 19:21:40 sungho-VirtualBox kernel: [    5.716713] sd 3:0:0:0: [sdb] 16777216 512-byte logical blocks: (8.59 GB/8.00 GiB)
Jul  6 19:21:40 sungho-VirtualBox kernel: [    5.716734] sd 3:0:0:0: [sdb] Write Protect is off
Jul  6 19:21:40 sungho-VirtualBox kernel: [    5.716735] sd 3:0:0:0: [sdb] Mode Sense: 00 3a 00 00
Jul  6 19:21:40 sungho-VirtualBox kernel: [    5.716744] sd 3:0:0:0: [sdb] Write cache: enabled, read cache: enabled, doesn't support DPO or FUA
Jul  6 19:21:40 sungho-VirtualBox kernel: [    5.730966] sd 3:0:0:0: [sdb] Attached SCSI disk
Jul  6 19:21:40 sungho-VirtualBox kernel: [    7.892274] floppy0: no floppy controllers found
Jul  6 19:21:40 sungho-VirtualBox kernel: [    9.088704] EXT4-fs (sda1): mounted filesystem with ordered data mode. Opts: (null)
Jul  6 19:21:40 sungho-VirtualBox kernel: [    9.947895] random: crng init done
Jul  6 19:21:40 sungho-VirtualBox kernel: [   12.198869] lp: driver loaded but no devices found
Jul  6 19:21:40 sungho-VirtualBox kernel: [   12.247031] ppdev: user-space parallel port driver
Jul  6 19:21:40 sungho-VirtualBox kernel: [   12.938729] EXT4-fs (sda1): re-mounted. Opts: errors=remount-ro
Jul  6 19:21:40 sungho-VirtualBox kernel: [   14.236172] piix4_smbus 0000:00:07.0: SMBus Host Controller at 0x4100, revision 0
Jul  6 19:21:40 sungho-VirtualBox kernel: [   15.077270] AVX version of gcm_enc/dec engaged.
Jul  6 19:21:40 sungho-VirtualBox kernel: [   15.077270] AES CTR mode by8 optimization enabled
Jul  6 19:21:40 sungho-VirtualBox kernel: [   15.724416] vboxguest: loading out-of-tree module taints kernel.
Jul  6 19:21:40 sungho-VirtualBox kernel: [   15.724532] vboxguest: module verification failed: signature and/or required key missing - tainting kernel
Jul  6 19:21:40 sungho-VirtualBox kernel: [   15.728147] vgdrvHeartbeatInit: Setting up heartbeat to trigger every 2000 milliseconds
Jul  6 19:21:40 sungho-VirtualBox kernel: [   15.728263] input: Unspecified device as /devices/pci0000:00/0000:00:04.0/input/input7
Jul  6 19:21:40 sungho-VirtualBox kernel: [   15.728765] vboxguest: misc device minor 55, IRQ 20, I/O port d020, MMIO at 00000000f0400000 (size 0x400000)
Jul  6 19:21:40 sungho-VirtualBox kernel: [   15.728766] vboxguest: Successfully loaded version 5.1.12 (interface 0x00010004)
Jul  6 19:21:40 sungho-VirtualBox kernel: [   16.144094] Adding 1045500k swap on /dev/sda5.  Priority:-1 extents:1 across:1045500k FS
Jul  6 19:21:40 sungho-VirtualBox kernel: [   16.346927] [drm] Initialized drm 1.1.0 20060810
Jul  6 19:21:40 sungho-VirtualBox kernel: [   16.930096] snd_intel8x0 0000:00:05.0: white list rate for 1028:0177 is 48000
Jul  6 19:21:40 sungho-VirtualBox kernel: [   17.050226] [drm] VRAM 01000000
Jul  6 19:21:40 sungho-VirtualBox kernel: [   17.050448] [TTM] Zone  kernel: Available graphics memory: 2748590 kiB
Jul  6 19:21:40 sungho-VirtualBox kernel: [   17.050448] [TTM] Zone   dma32: Available graphics memory: 2097152 kiB
Jul  6 19:21:40 sungho-VirtualBox kernel: [   17.050449] [TTM] Initializing pool allocator
Jul  6 19:21:40 sungho-VirtualBox kernel: [   17.050452] [TTM] Initializing DMA pool allocator
Jul  6 19:21:40 sungho-VirtualBox kernel: [   17.050863] fbcon: vboxdrmfb (fb0) is primary device
Jul  6 19:21:40 sungho-VirtualBox kernel: [   17.057846] Console: switching to colour frame buffer device 100x37
Jul  6 19:21:40 sungho-VirtualBox kernel: [   17.058841] vboxvideo 0000:00:02.0: fb0: vboxdrmfb frame buffer device
Jul  6 19:21:40 sungho-VirtualBox kernel: [   17.069892] audit: type=1400 audit(1499394098.084:2): apparmor="STATUS" operation="profile_load" name="/usr/bin/ubuntu-core-launcher" pid=581 comm="apparmor_parser"
Jul  6 19:21:40 sungho-VirtualBox kernel: [   17.076006] [drm] Initialized vboxvideo 1.0.0 20130823 for 0000:00:02.0 on minor 0
Jul  6 19:21:40 sungho-VirtualBox kernel: [   17.235629] audit: type=1400 audit(1499394098.248:3): apparmor="STATUS" operation="profile_load" name="/sbin/dhclient" pid=578 comm="apparmor_parser"
Jul  6 19:21:40 sungho-VirtualBox kernel: [   17.235643] audit: type=1400 audit(1499394098.248:4): apparmor="STATUS" operation="profile_load" name="/usr/lib/NetworkManager/nm-dhcp-client.action" pid=578 comm="apparmor_parser"
Jul  6 19:21:40 sungho-VirtualBox kernel: [   17.235646] audit: type=1400 audit(1499394098.248:5): apparmor="STATUS" operation="profile_load" name="/usr/lib/NetworkManager/nm-dhcp-helper" pid=578 comm="apparmor_parser"
Jul  6 19:21:40 sungho-VirtualBox kernel: [   17.235648] audit: type=1400 audit(1499394098.248:6): apparmor="STATUS" operation="profile_load" name="/usr/lib/connman/scripts/dhclient-script" pid=578 comm="apparmor_parser"
Jul  6 19:21:40 sungho-VirtualBox kernel: [   17.301693] audit: type=1400 audit(1499394098.316:7): apparmor="STATUS" operation="profile_load" name="/usr/sbin/cups-browsed" pid=587 comm="apparmor_parser"
Jul  6 19:21:40 sungho-VirtualBox kernel: [   17.302240] audit: type=1400 audit(1499394098.316:8): apparmor="STATUS" operation="profile_load" name="/usr/lib/lightdm/lightdm-guest-session" pid=577 comm="apparmor_parser"
Jul  6 19:21:40 sungho-VirtualBox kernel: [   17.302243] audit: type=1400 audit(1499394098.316:9): apparmor="STATUS" operation="profile_load" name="/usr/lib/lightdm/lightdm-guest-session//chromium" pid=577 comm="apparmor_parser"
Jul  6 19:21:40 sungho-VirtualBox kernel: [   17.379274] audit: type=1400 audit(1499394098.392:10): apparmor="STATUS" operation="profile_load" name="/usr/sbin/ippusbxd" pid=589 comm="apparmor_parser"
Jul  6 19:21:40 sungho-VirtualBox kernel: [   17.408904] audit: type=1400 audit(1499394098.424:11): apparmor="STATUS" operation="profile_load" name="/usr/lib/cups/backend/cups-pdf" pid=588 comm="apparmor_parser"
Jul  6 19:21:40 sungho-VirtualBox kernel: [   17.620187] floppy0: no floppy controllers found
Jul  6 19:21:40 sungho-VirtualBox kernel: [   17.620257] work still pending
Jul  6 19:21:40 sungho-VirtualBox rsyslogd-2039: Could not open output pipe '/dev/xconsole':: No such file or directory [v8.16.0 try http://www.rsyslog.com/e/2039 ]
Jul  6 19:21:40 sungho-VirtualBox rsyslogd-2007: action 'action 10' suspended, next retry is Thu Jul  6 19:22:10 2017 [v8.16.0 try http://www.rsyslog.com/e/2007 ]
Jul  6 19:21:40 sungho-VirtualBox gpu-manager[603]: update-alternatives: error: no alternatives for x86_64-linux-gnu_gfxcore_conf
Jul  6 19:21:40 sungho-VirtualBox kernel: [   19.889702] vboxsf: Successfully loaded version 5.1.12 (interface 0x00010004)
Jul  6 19:21:41 sungho-VirtualBox vboxadd-x11.sh: Installing the Window System drivers.
Jul  6 19:21:41 sungho-VirtualBox vboxadd-x11.sh: Installing X.Org Server 1.18 modules.
Jul  6 19:21:41 sungho-VirtualBox vboxadd-x11.sh: X.Org Server 1.18 modules installed.
Jul  6 19:21:41 sungho-VirtualBox vboxadd-x11.sh: Setting up the Window System to use the Guest Additions.
Jul  6 19:21:41 sungho-VirtualBox vboxadd-x11.sh: Window System set up to use the Guest Additions.
Jul  6 19:21:41 sungho-VirtualBox vboxadd[620]: You may need to restart the Window System (or just restart the guest system)
Jul  6 19:21:41 sungho-VirtualBox vboxadd[620]: to enable the Guest Additions.
Jul  6 19:21:41 sungho-VirtualBox vboxadd-x11.sh: Installing graphics libraries and desktop services components.
Jul  6 19:21:42 sungho-VirtualBox vboxadd-x11.sh: Window system drivers installed.
Jul  6 19:21:42 sungho-VirtualBox avahi-daemon[611]: Successfully called chroot().
Jul  6 19:21:42 sungho-VirtualBox avahi-daemon[611]: Successfully dropped remaining capabilities.
Jul  6 19:21:42 sungho-VirtualBox dbus[626]: [system] Successfully activated service 'org.freedesktop.systemd1'
Jul  6 19:21:42 sungho-VirtualBox systemd[1]: Started Avahi mDNS/DNS-SD Stack.
Jul  6 19:21:42 sungho-VirtualBox avahi-daemon[611]: No service file found in /etc/avahi/services.
Jul  6 19:21:42 sungho-VirtualBox systemd[1]: Started Make remote CUPS printers available locally.
Jul  6 19:21:42 sungho-VirtualBox systemd[1]: Starting Network Manager...
Jul  6 19:21:42 sungho-VirtualBox systemd[1]: Starting LSB: VirtualBox Linux Additions...
Jul  6 19:21:42 sungho-VirtualBox systemd[1]: Started Regular background program processing daemon.
Jul  6 19:21:42 sungho-VirtualBox systemd[1]: Starting Accounts Service...
Jul  6 19:21:42 sungho-VirtualBox systemd[1]: Starting Modem Manager...
Jul  6 19:21:42 sungho-VirtualBox systemd[1]: Starting Save/Restore Sound Card State...
Jul  6 19:21:42 sungho-VirtualBox avahi-daemon[611]: Network interface enumeration completed.
Jul  6 19:21:42 sungho-VirtualBox avahi-daemon[611]: Server startup complete. Host name is sungho-VirtualBox.local. Local service cookie is 3873807139.
Jul  6 19:21:42 sungho-VirtualBox cron[760]: (CRON) INFO (pidfile fd = 3)
Jul  6 19:21:42 sungho-VirtualBox systemd[1]: Started ACPI event daemon.
Jul  6 19:21:42 sungho-VirtualBox systemd[1]: Started System Logging Service.
Jul  6 19:21:42 sungho-VirtualBox systemd[1]: Started Restore /etc/resolv.conf if the system crashed before the ppp link was shut down.
Jul  6 19:21:42 sungho-VirtualBox systemd[1]: Started Detect the available GPUs and deal with any system changes.
Jul  6 19:21:42 sungho-VirtualBox systemd[1]: Started vboxadd-x11.service.
Jul  6 19:21:42 sungho-VirtualBox systemd[1]: Started Permit User Sessions.
Jul  6 19:21:42 sungho-VirtualBox systemd[1]: Started Save/Restore Sound Card State.
Jul  6 19:21:42 sungho-VirtualBox systemd[1]: Started Thermal Daemon Service.
Jul  6 19:21:42 sungho-VirtualBox systemd[1]: Starting Light Display Manager...
Jul  6 19:21:42 sungho-VirtualBox systemd[1]: Started Login Service.
Jul  6 19:21:42 sungho-VirtualBox thermald[618]: NO RAPL sysfs present
Jul  6 19:21:42 sungho-VirtualBox thermald[618]: 13 CPUID levels; family:model:stepping 0x6:3c:3 (6:60:3)
Jul  6 19:21:42 sungho-VirtualBox thermald[618]: Polling mode is enabled: 4
Jul  6 19:21:42 sungho-VirtualBox thermald[618]: Thermal DTS: No coretemp sysfs found
Jul  6 19:21:43 sungho-VirtualBox cron[760]: (CRON) INFO (Running @reboot jobs)
Jul  6 19:21:43 sungho-VirtualBox acpid: starting up with netlink and the input layer
Jul  6 19:21:44 sungho-VirtualBox thermald[618]: Thermal DTS or hwmon: No Zones present Need to configure manually
Jul  6 19:21:44 sungho-VirtualBox thermald[618]: No thermal sensors found
Jul  6 19:21:44 sungho-VirtualBox thermald[618]: THD engine start failed
Jul  6 19:21:44 sungho-VirtualBox acpid: 9 rules loaded
Jul  6 19:21:44 sungho-VirtualBox acpid: waiting for events: event logging is off
Jul  6 19:21:44 sungho-VirtualBox whoopsie[617]: [19:21:44] Using lock path: /var/lock/whoopsie/lock
Jul  6 19:21:44 sungho-VirtualBox ModemManager[762]: <info>  ModemManager (version 1.4.12) starting in system bus...
Jul  6 19:21:44 sungho-VirtualBox dbus[626]: [system] Activating via systemd: service name='org.freedesktop.PolicyKit1' unit='polkitd.service'
Jul  6 19:21:44 sungho-VirtualBox /usr/lib/snapd/snapd[609]: daemon.go:213: DEBUG: adding /
Jul  6 19:21:44 sungho-VirtualBox /usr/lib/snapd/snapd[609]: daemon.go:213: DEBUG: adding /v2/system-info
Jul  6 19:21:44 sungho-VirtualBox systemd[1]: Starting Authenticate and Authorize Users to Run Privileged Tasks...
Jul  6 19:21:44 sungho-VirtualBox /usr/lib/snapd/snapd[609]: daemon.go:213: DEBUG: adding /v2/login
Jul  6 19:21:44 sungho-VirtualBox /usr/lib/snapd/snapd[609]: daemon.go:213: DEBUG: adding /v2/logout
Jul  6 19:21:44 sungho-VirtualBox /usr/lib/snapd/snapd[609]: daemon.go:213: DEBUG: adding /v2/icons/{name}/icon
Jul  6 19:21:44 sungho-VirtualBox /usr/lib/snapd/snapd[609]: daemon.go:213: DEBUG: adding /v2/find
Jul  6 19:21:44 sungho-VirtualBox /usr/lib/snapd/snapd[609]: daemon.go:213: DEBUG: adding /v2/snaps
Jul  6 19:21:44 sungho-VirtualBox /usr/lib/snapd/snapd[609]: daemon.go:213: DEBUG: adding /v2/snaps/{name}
Jul  6 19:21:44 sungho-VirtualBox /usr/lib/snapd/snapd[609]: daemon.go:213: DEBUG: adding /v2/interfaces
Jul  6 19:21:44 sungho-VirtualBox /usr/lib/snapd/snapd[609]: daemon.go:213: DEBUG: adding /v2/assertions
Jul  6 19:21:44 sungho-VirtualBox /usr/lib/snapd/snapd[609]: daemon.go:213: DEBUG: adding /v2/assertions/{assertType}
Jul  6 19:21:44 sungho-VirtualBox /usr/lib/snapd/snapd[609]: daemon.go:213: DEBUG: adding /v2/events
Jul  6 19:21:44 sungho-VirtualBox /usr/lib/snapd/snapd[609]: daemon.go:213: DEBUG: adding /v2/changes/{id}
Jul  6 19:21:44 sungho-VirtualBox /usr/lib/snapd/snapd[609]: daemon.go:213: DEBUG: adding /v2/changes
Jul  6 19:21:44 sungho-VirtualBox /usr/lib/snapd/snapd[609]: daemon.go:213: DEBUG: adding /v2/create-user
Jul  6 19:21:44 sungho-VirtualBox /usr/lib/snapd/snapd[609]: daemon.go:203: DEBUG: init done in 616.626s
Jul  6 19:21:45 sungho-VirtualBox whoopsie[617]: [19:21:45] Could not get the Network Manager state:
Jul  6 19:21:45 sungho-VirtualBox whoopsie[617]: [19:21:45] GDBus.Error:org.freedesktop.DBus.Error.ServiceUnknown: The name org.freedesktop.NetworkManager was not provided by any .service files
Jul  6 19:21:45 sungho-VirtualBox polkitd[836]: started daemon version 0.105 using authority implementation `local' version `0.105'
Jul  6 19:21:45 sungho-VirtualBox dbus[626]: [system] Successfully activated service 'org.freedesktop.PolicyKit1'
Jul  6 19:21:45 sungho-VirtualBox systemd[1]: Started Authenticate and Authorize Users to Run Privileged Tasks.
Jul  6 19:21:45 sungho-VirtualBox accounts-daemon[761]: started daemon version 0.6.40
Jul  6 19:21:45 sungho-VirtualBox systemd[1]: Started Accounts Service.
Jul  6 19:21:45 sungho-VirtualBox NetworkManager[756]: <info>  [1499394105.5721] NetworkManager (version 1.2.2) is starting...
Jul  6 19:21:45 sungho-VirtualBox NetworkManager[756]: <info>  [1499394105.5759] Read config: /etc/NetworkManager/NetworkManager.conf (etc: default-wifi-powersave-on.conf)
Jul  6 19:21:45 sungho-VirtualBox vboxadd.sh: .
Jul  6 19:21:45 sungho-VirtualBox systemd[1]: Started vboxadd.service.
Jul  6 19:21:45 sungho-VirtualBox NetworkManager[756]: <info>  [1499394105.5905] manager[0x178c1a0]: monitoring kernel firmware directory '/lib/firmware'.
Jul  6 19:21:45 sungho-VirtualBox NetworkManager[756]: <info>  [1499394105.5905] monitoring ifupdown state file '/run/network/ifstate'.
Jul  6 19:21:45 sungho-VirtualBox systemd[1]: Starting vboxadd-service.service...
Jul  6 19:21:45 sungho-VirtualBox vboxadd-service[851]: vboxadd-service.sh: Starting VirtualBox Guest Addition service.
Jul  6 19:21:45 sungho-VirtualBox vboxadd-service.sh: Starting VirtualBox Guest Addition service.
Jul  6 19:21:45 sungho-VirtualBox NetworkManager[756]: <info>  [1499394105.7145] dns-mgr[0x17a10a0]: set resolv-conf-mode: dnsmasq, plugin="dnsmasq"
Jul  6 19:21:45 sungho-VirtualBox NetworkManager[756]: <info>  [1499394105.7146] dns-mgr[0x17a10a0]: using resolv.conf manager 'resolvconf'
Jul  6 19:21:45 sungho-VirtualBox systemd[1]: Started Network Manager.
Jul  6 19:21:45 sungho-VirtualBox systemd[1]: Starting Network Manager Wait Online...
Jul  6 19:21:45 sungho-VirtualBox dbus[626]: [system] Activating via systemd: service name='org.freedesktop.nm_dispatcher' unit='dbus-org.freedesktop.nm-dispatcher.service'
Jul  6 19:21:45 sungho-VirtualBox systemd[1]: Starting Network Manager Script Dispatcher Service...
Jul  6 19:21:45 sungho-VirtualBox kernel: [   24.828327] VBoxService 5.1.12 r112440 (verbosity: 0) linux.amd64 (Dec 20 2016 16:42:39) release log
Jul  6 19:21:45 sungho-VirtualBox kernel: [   24.828327] 00:00:00.000097 main     Log opened 2017-07-07T02:21:45.844958000Z
Jul  6 19:21:45 sungho-VirtualBox kernel: [   24.828366] 00:00:00.000169 main     OS Product: Linux
Jul  6 19:21:45 sungho-VirtualBox kernel: [   24.828381] 00:00:00.000189 main     OS Release: 4.8.8SungHoHong+
Jul  6 19:21:45 sungho-VirtualBox kernel: [   24.828395] 00:00:00.000204 main     OS Version: #17 SMP Sun Feb 5 21:29:12 MST 2017
Jul  6 19:21:45 sungho-VirtualBox kernel: [   24.828412] 00:00:00.000217 main     Executable: /opt/VBoxGuestAdditions-5.1.12/sbin/VBoxService
Jul  6 19:21:45 sungho-VirtualBox kernel: [   24.828412] 00:00:00.000218 main     Process ID: 858
Jul  6 19:21:45 sungho-VirtualBox kernel: [   24.828412] 00:00:00.000218 main     Package type: LINUX_64BITS_GENERIC
Jul  6 19:21:45 sungho-VirtualBox kernel: [   24.829954] 00:00:00.001749 main     5.1.12 r112440 started. Verbose level = 0
Jul  6 19:21:45 sungho-VirtualBox vboxadd-service.sh: VirtualBox Guest Addition service started.
Jul  6 19:21:45 sungho-VirtualBox systemd[1]: Started vboxadd-service.service.
Jul  6 19:21:45 sungho-VirtualBox kernel: [   24.904963] 00:00:00.076705 automount vbsvcAutoMountWorker: Shared folder 'SSD-Scheduler' was mounted to '/media/sf_SSD-Scheduler'
Jul  6 19:21:45 sungho-VirtualBox dbus[626]: [system] Successfully activated service 'org.freedesktop.nm_dispatcher'
Jul  6 19:21:45 sungho-VirtualBox systemd[1]: Started Network Manager Script Dispatcher Service.
Jul  6 19:21:45 sungho-VirtualBox NetworkManager[756]: <info>  [1499394105.9680] init!
Jul  6 19:21:45 sungho-VirtualBox NetworkManager[756]: <info>  [1499394105.9683] management mode: unmanaged
Jul  6 19:21:45 sungho-VirtualBox NetworkManager[756]: <info>  [1499394105.9685] devices added (path: /sys/devices/pci0000:00/0000:00:03.0/net/enp0s3, iface: enp0s3)
Jul  6 19:21:45 sungho-VirtualBox NetworkManager[756]: <info>  [1499394105.9685] device added (path: /sys/devices/pci0000:00/0000:00:03.0/net/enp0s3, iface: enp0s3): no ifupdown configuration found.
Jul  6 19:21:45 sungho-VirtualBox NetworkManager[756]: <info>  [1499394105.9685] devices added (path: /sys/devices/virtual/net/lo, iface: lo)
Jul  6 19:21:45 sungho-VirtualBox NetworkManager[756]: <info>  [1499394105.9685] device added (path: /sys/devices/virtual/net/lo, iface: lo): no ifupdown configuration found.
Jul  6 19:21:45 sungho-VirtualBox NetworkManager[756]: <info>  [1499394105.9685] end _init.
Jul  6 19:21:45 sungho-VirtualBox NetworkManager[756]: <info>  [1499394105.9686] settings: loaded plugin ifupdown: (C) 2008 Canonical Ltd.  To report bugs please use the NetworkManager mailing list. (/usr/lib/x86_64-linux-gnu/NetworkManager/libnm-settings-plugin-ifupdown.so)
Jul  6 19:21:45 sungho-VirtualBox NetworkManager[756]: <info>  [1499394105.9686] settings: loaded plugin keyfile: (c) 2007 - 2015 Red Hat, Inc.  To report bugs please use the NetworkManager mailing list.
Jul  6 19:21:45 sungho-VirtualBox NetworkManager[756]: <info>  [1499394105.9781] SettingsPlugin-Ofono: init!
Jul  6 19:21:45 sungho-VirtualBox NetworkManager[756]: <warn>  [1499394105.9783] SettingsPlugin-Ofono: file doesn't exist: /var/lib/ofono
Jul  6 19:21:45 sungho-VirtualBox NetworkManager[756]: <info>  [1499394105.9783] SettingsPlugin-Ofono: end _init.
Jul  6 19:21:45 sungho-VirtualBox NetworkManager[756]: <info>  [1499394105.9783] settings: loaded plugin ofono: (C) 2013-2016 Canonical Ltd.  To report bugs please use the NetworkManager mailing list. (/usr/lib/x86_64-linux-gnu/NetworkManager/libnm-settings-plugin-ofono.so)
Jul  6 19:21:45 sungho-VirtualBox NetworkManager[756]: <info>  [1499394105.9783] (24832848) ... get_connections.
Jul  6 19:21:45 sungho-VirtualBox NetworkManager[756]: <info>  [1499394105.9783] (24832848) ... get_connections (managed=false): return empty list.
Jul  6 19:21:45 sungho-VirtualBox NetworkManager[756]: <info>  [1499394105.9793] SettingsPlugin-Ofono: (24833072) ... get_connections.
Jul  6 19:21:45 sungho-VirtualBox NetworkManager[756]: <info>  [1499394105.9793] SettingsPlugin-Ofono: (24833072) connections count: 0
Jul  6 19:21:45 sungho-VirtualBox NetworkManager[756]: <info>  [1499394105.9794] get unmanaged devices count: 0
Jul  6 19:21:45 sungho-VirtualBox dbus[626]: [system] Activating via systemd: service name='org.freedesktop.hostname1' unit='dbus-org.freedesktop.hostname1.service'
Jul  6 19:21:46 sungho-VirtualBox systemd[1]: Starting Hostname Service...
Jul  6 19:21:46 sungho-VirtualBox systemd[1]: Started Modem Manager.
Jul  6 19:21:46 sungho-VirtualBox dbus[626]: [system] Successfully activated service 'org.freedesktop.hostname1'
Jul  6 19:21:46 sungho-VirtualBox systemd[1]: Started Hostname Service.
Jul  6 19:21:46 sungho-VirtualBox NetworkManager[756]: <info>  [1499394106.0605] settings: hostname: using hostnamed
Jul  6 19:21:46 sungho-VirtualBox NetworkManager[756]: <info>  [1499394106.0605] settings: hostname changed from (none) to "sungho-VirtualBox"
Jul  6 19:21:46 sungho-VirtualBox NetworkManager[756]: <info>  [1499394106.0607] Using DHCP client 'dhclient'
Jul  6 19:21:46 sungho-VirtualBox NetworkManager[756]: <info>  [1499394106.0608] manager: WiFi enabled by radio killswitch; enabled by state file
Jul  6 19:21:46 sungho-VirtualBox NetworkManager[756]: <info>  [1499394106.0610] manager: WWAN enabled by radio killswitch; enabled by state file
Jul  6 19:21:46 sungho-VirtualBox NetworkManager[756]: <info>  [1499394106.0611] manager: Networking is enabled by state file
Jul  6 19:21:46 sungho-VirtualBox nm-dispatcher: req:1 'hostname': new request (1 scripts)
Jul  6 19:21:46 sungho-VirtualBox NetworkManager[756]: <info>  [1499394106.0611] Loaded device plugin: NMVxlanFactory (internal)
Jul  6 19:21:46 sungho-VirtualBox nm-dispatcher: req:1 'hostname': start running ordered scripts...
Jul  6 19:21:46 sungho-VirtualBox NetworkManager[756]: <info>  [1499394106.0611] Loaded device plugin: NMVlanFactory (internal)
Jul  6 19:21:46 sungho-VirtualBox NetworkManager[756]: <info>  [1499394106.0611] Loaded device plugin: NMVethFactory (internal)
Jul  6 19:21:46 sungho-VirtualBox NetworkManager[756]: <info>  [1499394106.0611] Loaded device plugin: NMTunFactory (internal)
Jul  6 19:21:46 sungho-VirtualBox NetworkManager[756]: <info>  [1499394106.0611] Loaded device plugin: NMMacvlanFactory (internal)
Jul  6 19:21:46 sungho-VirtualBox NetworkManager[756]: <info>  [1499394106.0612] Loaded device plugin: NMIPTunnelFactory (internal)
Jul  6 19:21:46 sungho-VirtualBox NetworkManager[756]: <info>  [1499394106.0612] Loaded device plugin: NMInfinibandFactory (internal)
Jul  6 19:21:46 sungho-VirtualBox NetworkManager[756]: <info>  [1499394106.0612] Loaded device plugin: NMEthernetFactory (internal)
Jul  6 19:21:46 sungho-VirtualBox NetworkManager[756]: <info>  [1499394106.0612] Loaded device plugin: NMBridgeFactory (internal)
Jul  6 19:21:46 sungho-VirtualBox NetworkManager[756]: <info>  [1499394106.0612] Loaded device plugin: NMBondFactory (internal)
Jul  6 19:21:46 sungho-VirtualBox NetworkManager[756]: <info>  [1499394106.1588] Loaded device plugin: NMAtmManager (/usr/lib/x86_64-linux-gnu/NetworkManager/libnm-device-plugin-adsl.so)
Jul  6 19:21:46 sungho-VirtualBox NetworkManager[756]: <info>  [1499394106.2991] Loaded device plugin: NMWwanFactory (/usr/lib/x86_64-linux-gnu/NetworkManager/libnm-device-plugin-wwan.so)
Jul  6 19:21:46 sungho-VirtualBox systemd[1]: Received SIGRTMIN+20 from PID 400 (plymouthd).
Jul  6 19:21:46 sungho-VirtualBox apport[621]:  * Starting automatic crash report generation: apport
Jul  6 19:21:46 sungho-VirtualBox systemd[1]: Started LSB: Set the CPU Frequency Scaling governor to "ondemand".
Jul  6 19:21:46 sungho-VirtualBox NetworkManager[756]: <info>  [1499394106.3575] Loaded device plugin: NMWifiFactory (/usr/lib/x86_64-linux-gnu/NetworkManager/libnm-device-plugin-wifi.so)
Jul  6 19:21:46 sungho-VirtualBox systemd[1]: Received SIGRTMIN+21 from PID 400 (plymouthd).
Jul  6 19:21:46 sungho-VirtualBox speech-dispatcher[614]:  * speech-dispatcher disabled; edit /etc/default/speech-dispatcher
Jul  6 19:21:46 sungho-VirtualBox systemd[1]: Started LSB: Speech Dispatcher.
Jul  6 19:21:46 sungho-VirtualBox irqbalance[600]:  * Starting SMP IRQ Balancer: irqbalance
Jul  6 19:21:46 sungho-VirtualBox systemd[1]: Started Light Display Manager.
Jul  6 19:21:46 sungho-VirtualBox systemd[1]: Started Raise network interfaces.
Jul  6 19:21:46 sungho-VirtualBox systemd[1]: Reached target Network.
Jul  6 19:21:46 sungho-VirtualBox apport[621]:    ...done.
Jul  6 19:21:46 sungho-VirtualBox systemd[1]: Started LSB: automatic crash report generation.
Jul  6 19:21:46 sungho-VirtualBox irqbalance[600]:    ...done.
Jul  6 19:21:46 sungho-VirtualBox systemd[1]: Started LSB: daemon to balance interrupts for SMP systems.
Jul  6 19:21:46 sungho-VirtualBox systemd[1]: Started LSB: Record successful boot for GRUB.
Jul  6 19:21:46 sungho-VirtualBox NetworkManager[756]: <info>  [1499394106.7206] Loaded device plugin: NMBluezManager (/usr/lib/x86_64-linux-gnu/NetworkManager/libnm-device-plugin-bluetooth.so)
Jul  6 19:21:46 sungho-VirtualBox NetworkManager[756]: <info>  [1499394106.7679] manager: (enp0s3): new Ethernet device (/org/freedesktop/NetworkManager/Devices/0)
Jul  6 19:21:46 sungho-VirtualBox NetworkManager[756]: <info>  [1499394106.7690] keyfile: add connection in-memory (58f112b2-f1e0-392b-b0f4-3ab3f7da84ed,"Wired connection 1")
Jul  6 19:21:46 sungho-VirtualBox NetworkManager[756]: <info>  [1499394106.7973] settings: (enp0s3): created default wired connection 'Wired connection 1'
Jul  6 19:21:46 sungho-VirtualBox NetworkManager[756]: <info>  [1499394106.7979] device (enp0s3): state change: unmanaged -> unavailable (reason 'managed') [10 20 2]
Jul  6 19:21:46 sungho-VirtualBox NetworkManager[756]: nm_device_get_device_type: assertion 'NM_IS_DEVICE (self)' failed
Jul  6 19:21:46 sungho-VirtualBox kernel: [   25.781033] IPv6: ADDRCONF(NETDEV_UP): enp0s3: link is not ready
Jul  6 19:21:46 sungho-VirtualBox kernel: [   25.783017] IPv6: ADDRCONF(NETDEV_UP): enp0s3: link is not ready
Jul  6 19:21:46 sungho-VirtualBox NetworkManager[756]: <info>  [1499394106.8010] device (lo): link connected
Jul  6 19:21:46 sungho-VirtualBox NetworkManager[756]: <info>  [1499394106.8014] manager: (lo): new Generic device (/org/freedesktop/NetworkManager/Devices/1)
Jul  6 19:21:46 sungho-VirtualBox kernel: [   25.792290] e1000: enp0s3 NIC Link is Up 1000 Mbps Full Duplex, Flow Control: RX
Jul  6 19:21:46 sungho-VirtualBox kernel: [   25.792565] IPv6: ADDRCONF(NETDEV_CHANGE): enp0s3: link becomes ready
Jul  6 19:21:46 sungho-VirtualBox virtualbox-guest-utils[757]:  * Starting VirtualBox Additions
Jul  6 19:21:46 sungho-VirtualBox virtualbox-guest-utils[757]:    ...done.
Jul  6 19:21:46 sungho-VirtualBox systemd[1]: Started LSB: VirtualBox Linux Additions.
Jul  6 19:21:46 sungho-VirtualBox NetworkManager[756]: <info>  [1499394106.8827] device (enp0s3): link connected
Jul  6 19:21:46 sungho-VirtualBox NetworkManager[756]: <info>  [1499394106.8852] urfkill disappeared from the bus
Jul  6 19:21:46 sungho-VirtualBox NetworkManager[756]: <info>  [1499394106.8861] device (enp0s3): state change: unavailable -> disconnected (reason 'carrier-changed') [20 30 40]
Jul  6 19:21:46 sungho-VirtualBox NetworkManager[756]: <info>  [1499394106.8876] policy: auto-activating connection 'Wired connection 1'
Jul  6 19:21:46 sungho-VirtualBox NetworkManager[756]: <info>  [1499394106.8885] device (enp0s3): Activation: starting connection 'Wired connection 1' (58f112b2-f1e0-392b-b0f4-3ab3f7da84ed)
Jul  6 19:21:46 sungho-VirtualBox NetworkManager[756]: <info>  [1499394106.8886] ofono is now available
Jul  6 19:21:46 sungho-VirtualBox NetworkManager[756]: <info>  [1499394106.8887] ModemManager available in the bus
Jul  6 19:21:46 sungho-VirtualBox NetworkManager[756]: <info>  [1499394106.8888] device (enp0s3): state change: disconnected -> prepare (reason 'none') [30 40 0]
Jul  6 19:21:46 sungho-VirtualBox NetworkManager[756]: <info>  [1499394106.8889] manager: NetworkManager state is now CONNECTING
Jul  6 19:21:46 sungho-VirtualBox NetworkManager[756]: <info>  [1499394106.8891] device (enp0s3): state change: prepare -> config (reason 'none') [40 50 0]
Jul  6 19:21:46 sungho-VirtualBox NetworkManager[756]: <info>  [1499394106.8902] device (enp0s3): state change: config -> ip-config (reason 'none') [50 70 0]
Jul  6 19:21:46 sungho-VirtualBox whoopsie[617]: [19:21:46] offline
Jul  6 19:21:46 sungho-VirtualBox NetworkManager[756]: <info>  [1499394106.9051] dhcp4 (enp0s3): activation: beginning transaction (timeout in 45 seconds)
Jul  6 19:21:47 sungho-VirtualBox NetworkManager[756]: <info>  [1499394107.0708] dhcp4 (enp0s3): dhclient started with pid 947
Jul  6 19:21:47 sungho-VirtualBox NetworkManager[756]: <warn>  [1499394107.0945] failed to enumerate oFono devices: GDBus.Error:org.freedesktop.DBus.Error.ServiceUnknown: The name org.ofono was not provided by any .service files
Jul  6 19:21:47 sungho-VirtualBox dhclient[947]: DHCPREQUEST of 10.0.2.15 on enp0s3 to 255.255.255.255 port 67 (xid=0x5709f997)
Jul  6 19:21:47 sungho-VirtualBox dhclient[947]: DHCPACK of 10.0.2.15 from 10.0.2.2
Jul  6 19:21:47 sungho-VirtualBox NetworkManager[756]: <info>  [1499394107.4200]   address 10.0.2.15
Jul  6 19:21:47 sungho-VirtualBox NetworkManager[756]: <info>  [1499394107.4200]   plen 24 (255.255.255.0)
Jul  6 19:21:47 sungho-VirtualBox NetworkManager[756]: <info>  [1499394107.4200]   gateway 10.0.2.2
Jul  6 19:21:47 sungho-VirtualBox NetworkManager[756]: <info>  [1499394107.4200]   server identifier 10.0.2.2
Jul  6 19:21:47 sungho-VirtualBox avahi-daemon[611]: Joining mDNS multicast group on interface enp0s3.IPv4 with address 10.0.2.15.
Jul  6 19:21:47 sungho-VirtualBox NetworkManager[756]: <info>  [1499394107.4200]   lease time 86400
Jul  6 19:21:47 sungho-VirtualBox NetworkManager[756]: <info>  [1499394107.4200]   nameserver '192.168.1.1'
Jul  6 19:21:47 sungho-VirtualBox avahi-daemon[611]: New relevant interface enp0s3.IPv4 for mDNS.
Jul  6 19:21:47 sungho-VirtualBox NetworkManager[756]: <info>  [1499394107.4200] dhcp4 (enp0s3): state changed unknown -> bound
Jul  6 19:21:47 sungho-VirtualBox avahi-daemon[611]: Registering new address record for 10.0.2.15 on enp0s3.IPv4.
Jul  6 19:21:47 sungho-VirtualBox NetworkManager[756]: <info>  [1499394107.4211] device (enp0s3): state change: ip-config -> ip-check (reason 'none') [70 80 0]
Jul  6 19:21:47 sungho-VirtualBox NetworkManager[756]: <info>  [1499394107.4215] device (enp0s3): state change: ip-check -> secondaries (reason 'none') [80 90 0]
Jul  6 19:21:47 sungho-VirtualBox NetworkManager[756]: <info>  [1499394107.4217] device (enp0s3): state change: secondaries -> activated (reason 'none') [90 100 0]
Jul  6 19:21:47 sungho-VirtualBox NetworkManager[756]: <info>  [1499394107.4218] manager: NetworkManager state is now CONNECTED_LOCAL
Jul  6 19:21:47 sungho-VirtualBox NetworkManager[756]: <info>  [1499394107.4399] manager: NetworkManager state is now CONNECTED_GLOBAL
Jul  6 19:21:47 sungho-VirtualBox NetworkManager[756]: <info>  [1499394107.4401] policy: set 'Wired connection 1' (enp0s3) as default for IPv4 routing and DNS
Jul  6 19:21:47 sungho-VirtualBox NetworkManager[756]: <info>  [1499394107.4402] dns-plugin[0x17757a0]: starting dnsmasq...
Jul  6 19:21:47 sungho-VirtualBox dhclient[947]: bound to 10.0.2.15 -- renewal in 35082 seconds.
Jul  6 19:21:47 sungho-VirtualBox NetworkManager[756]: <info>  [1499394107.4689] dns-mgr: Writing DNS information to /sbin/resolvconf
Jul  6 19:21:47 sungho-VirtualBox whoopsie[617]: [19:21:47] Cannot reach: https://daisy.ubuntu.com
Jul  6 19:21:47 sungho-VirtualBox dnsmasq[964]: started, version 2.75 cache disabled
Jul  6 19:21:47 sungho-VirtualBox dnsmasq[964]: compile time options: IPv6 GNU-getopt DBus i18n IDN DHCP DHCPv6 no-Lua TFTP conntrack ipset auth DNSSEC loop-detect inotify
Jul  6 19:21:47 sungho-VirtualBox dnsmasq[964]: DBus support enabled: connected to system bus
Jul  6 19:21:47 sungho-VirtualBox dnsmasq[964]: warning: no upstream servers configured
Jul  6 19:21:48 sungho-VirtualBox avahi-daemon[611]: Joining mDNS multicast group on interface enp0s3.IPv6 with address fe80::92c3:6d9c:3ae9:7a35.
Jul  6 19:21:48 sungho-VirtualBox avahi-daemon[611]: New relevant interface enp0s3.IPv6 for mDNS.
Jul  6 19:21:48 sungho-VirtualBox avahi-daemon[611]: Registering new address record for fe80::92c3:6d9c:3ae9:7a35 on enp0s3.*.
Jul  6 19:21:48 sungho-VirtualBox ModemManager[762]: <info>  Couldn't find support for device at '/sys/devices/pci0000:00/0000:00:03.0': not supported by any plugin
Jul  6 19:21:48 sungho-VirtualBox NetworkManager[756]: <info>  [1499394108.2712] device (enp0s3): Activation: successful, device activated.
Jul  6 19:21:48 sungho-VirtualBox nm-dispatcher: req:2 'up' [enp0s3]: new request (1 scripts)
Jul  6 19:21:48 sungho-VirtualBox nm-dispatcher: req:2 'up' [enp0s3]: start running ordered scripts...
Jul  6 19:21:48 sungho-VirtualBox NetworkManager[756]: <info>  [1499394108.2739] dnsmasq[0x17757a0]: dnsmasq appeared as :1.27
Jul  6 19:21:48 sungho-VirtualBox dnsmasq[964]: setting upstream servers from DBus
Jul  6 19:21:48 sungho-VirtualBox dnsmasq[964]: using nameserver 192.168.1.1#53
Jul  6 19:21:48 sungho-VirtualBox whoopsie[617]: [19:21:48] The default IPv4 route is: /org/freedesktop/NetworkManager/ActiveConnection/0
Jul  6 19:21:48 sungho-VirtualBox whoopsie[617]: [19:21:48] Not a paid data plan: /org/freedesktop/NetworkManager/ActiveConnection/0
Jul  6 19:21:48 sungho-VirtualBox whoopsie[617]: [19:21:48] Found usable connection: /org/freedesktop/NetworkManager/ActiveConnection/0
Jul  6 19:21:48 sungho-VirtualBox whoopsie[617]: [19:21:48] online
Jul  6 19:21:49 sungho-VirtualBox systemd[1]: Created slice User Slice of lightdm.
Jul  6 19:21:49 sungho-VirtualBox systemd[1]: Starting User Manager for UID 108...
Jul  6 19:21:49 sungho-VirtualBox systemd[1]: Started Session c1 of user lightdm.
Jul  6 19:21:49 sungho-VirtualBox systemd[1124]: Reached target Sockets.
Jul  6 19:21:49 sungho-VirtualBox systemd[1124]: Reached target Paths.
Jul  6 19:21:49 sungho-VirtualBox systemd[1124]: Reached target Timers.
Jul  6 19:21:49 sungho-VirtualBox systemd[1124]: Reached target Basic System.
Jul  6 19:21:49 sungho-VirtualBox systemd[1124]: Reached target Default.
Jul  6 19:21:49 sungho-VirtualBox systemd[1124]: Startup finished in 163ms.
Jul  6 19:21:49 sungho-VirtualBox systemd[1]: Started User Manager for UID 108.
Jul  6 19:21:50 sungho-VirtualBox org.a11y.atspi.Registry[1156]: SpiRegistry daemon is running with well-known name - org.a11y.atspi.Registry
Jul  6 19:21:52 sungho-VirtualBox NetworkManager[756]: <info>  [1499394112.2679] manager: startup complete
Jul  6 19:21:52 sungho-VirtualBox systemd[1]: Started Network Manager Wait Online.
Jul  6 19:21:52 sungho-VirtualBox systemd[1]: Reached target Network is Online.
Jul  6 19:21:52 sungho-VirtualBox systemd[1]: Starting LSB: Apache2 web server...
Jul  6 19:21:52 sungho-VirtualBox systemd[1]: Starting /etc/rc.local Compatibility...
Jul  6 19:21:52 sungho-VirtualBox systemd[1]: Started /etc/rc.local Compatibility.
Jul  6 19:21:52 sungho-VirtualBox systemd[1]: Starting Hold until boot process finishes up...
Jul  6 19:21:52 sungho-VirtualBox systemd[1]: Started Hold until boot process finishes up.
Jul  6 19:21:52 sungho-VirtualBox systemd[1]: Started Getty on tty1.
Jul  6 19:21:52 sungho-VirtualBox systemd[1]: Reached target Login Prompts.
Jul  6 19:21:52 sungho-VirtualBox systemd[1]: Starting Set console scheme...
Jul  6 19:21:52 sungho-VirtualBox systemd[1]: Started Set console scheme.
Jul  6 19:21:52 sungho-VirtualBox apache2[1186]:  * Starting Apache httpd web server apache2
Jul  6 19:21:52 sungho-VirtualBox dbus[626]: [system] Activating via systemd: service name='org.bluez' unit='dbus-org.bluez.service'
Jul  6 19:21:53 sungho-VirtualBox dbus[626]: [system] Activating via systemd: service name='org.freedesktop.RealtimeKit1' unit='rtkit-daemon.service'
Jul  6 19:21:53 sungho-VirtualBox systemd[1]: Starting RealtimeKit Scheduling Policy Service...
Jul  6 19:21:53 sungho-VirtualBox dbus[626]: [system] Successfully activated service 'org.freedesktop.RealtimeKit1'
Jul  6 19:21:53 sungho-VirtualBox rtkit-daemon[1261]: Successfully called chroot.
Jul  6 19:21:53 sungho-VirtualBox rtkit-daemon[1261]: Successfully dropped privileges.
Jul  6 19:21:53 sungho-VirtualBox rtkit-daemon[1261]: Successfully limited resources.
Jul  6 19:21:53 sungho-VirtualBox rtkit-daemon[1261]: Running.
Jul  6 19:21:53 sungho-VirtualBox rtkit-daemon[1261]: Watchdog thread running.
Jul  6 19:21:53 sungho-VirtualBox rtkit-daemon[1261]: Canary thread running.
Jul  6 19:21:53 sungho-VirtualBox systemd[1]: Started RealtimeKit Scheduling Policy Service.
Jul  6 19:21:53 sungho-VirtualBox rtkit-daemon[1261]: Successfully made thread 1260 of process 1260 (n/a) owned by '108' high priority at nice level -11.
Jul  6 19:21:53 sungho-VirtualBox rtkit-daemon[1261]: Supervising 1 threads of 1 processes of 1 users.
Jul  6 19:21:55 sungho-VirtualBox pulseaudio[1260]: [pulseaudio] alsa-util.c: Disabling timer-based scheduling because running inside a VM.
Jul  6 19:21:55 sungho-VirtualBox pulseaudio[1260]: [pulseaudio] sink.c: Default and alternate sample rates are the same.
Jul  6 19:21:55 sungho-VirtualBox apache2[1186]: AH00558: apache2: Could not reliably determine the server's fully qualified domain name, using 127.0.1.1. Set the 'ServerName' directive globally to suppress this message
Jul  6 19:21:55 sungho-VirtualBox rtkit-daemon[1261]: Supervising 1 threads of 1 processes of 1 users.
Jul  6 19:21:55 sungho-VirtualBox rtkit-daemon[1261]: Successfully made thread 1278 of process 1260 (n/a) owned by '108' RT at priority 5.
Jul  6 19:21:55 sungho-VirtualBox rtkit-daemon[1261]: Supervising 2 threads of 1 processes of 1 users.
Jul  6 19:21:55 sungho-VirtualBox pulseaudio[1260]: [pulseaudio] alsa-util.c: Disabling timer-based scheduling because running inside a VM.
Jul  6 19:21:55 sungho-VirtualBox rtkit-daemon[1261]: Supervising 2 threads of 1 processes of 1 users.
Jul  6 19:21:55 sungho-VirtualBox rtkit-daemon[1261]: Successfully made thread 1279 of process 1260 (n/a) owned by '108' RT at priority 5.
Jul  6 19:21:55 sungho-VirtualBox rtkit-daemon[1261]: Supervising 3 threads of 1 processes of 1 users.
Jul  6 19:21:56 sungho-VirtualBox kernel: [   35.166971] sched: RT throttling activated
Jul  6 19:21:56 sungho-VirtualBox apache2[1186]:  *
Jul  6 19:21:56 sungho-VirtualBox pulseaudio[1260]: [alsa-sink-Intel ICH] alsa-sink.c: ALSA woke us up to write new data to the device, but there was actually nothing to write.
Jul  6 19:21:56 sungho-VirtualBox pulseaudio[1260]: [alsa-sink-Intel ICH] alsa-sink.c: Most likely this is a bug in the ALSA driver 'snd_intel8x0'. Please report this issue to the ALSA developers.
Jul  6 19:21:56 sungho-VirtualBox systemd[1]: Started LSB: Apache2 web server.
Jul  6 19:21:56 sungho-VirtualBox pulseaudio[1260]: [alsa-sink-Intel ICH] alsa-sink.c: We were woken up with POLLOUT set -- however a subsequent snd_pcm_avail() returned 0 or another value < min_avail.
Jul  6 19:21:56 sungho-VirtualBox systemd[1]: Reached target Multi-User System.
Jul  6 19:21:56 sungho-VirtualBox systemd[1]: Reached target Graphical Interface.
Jul  6 19:21:56 sungho-VirtualBox systemd[1]: Starting Update UTMP about System Runlevel Changes...
Jul  6 19:21:56 sungho-VirtualBox systemd[1]: Started Update UTMP about System Runlevel Changes.
Jul  6 19:21:56 sungho-VirtualBox systemd[1]: Startup finished in 9.451s (kernel) + 25.504s (userspace) = 34.955s.
Jul  6 19:21:56 sungho-VirtualBox NetworkManager[756]: <info>  [1499394116.2688] WiFi hardware radio set enabled
Jul  6 19:21:56 sungho-VirtualBox NetworkManager[756]: <info>  [1499394116.2689] WWAN hardware radio set enabled
Jul  6 19:21:56 sungho-VirtualBox pulseaudio[1260]: [alsa-source-Intel ICH] alsa-source.c: ALSA woke us up to read new data from the device, but there was actually nothing to read.
Jul  6 19:21:56 sungho-VirtualBox pulseaudio[1260]: [alsa-source-Intel ICH] alsa-source.c: Most likely this is a bug in the ALSA driver 'snd_intel8x0'. Please report this issue to the ALSA developers.
Jul  6 19:21:56 sungho-VirtualBox pulseaudio[1260]: [alsa-source-Intel ICH] alsa-source.c: We were woken up with POLLIN set -- however a subsequent snd_pcm_avail() returned 0 or another value < min_avail.
Jul  6 19:21:56 sungho-VirtualBox rtkit-daemon[1261]: Successfully made thread 1343 of process 1343 (n/a) owned by '108' high priority at nice level -11.
Jul  6 19:21:56 sungho-VirtualBox rtkit-daemon[1261]: Supervising 4 threads of 2 processes of 1 users.
Jul  6 19:21:56 sungho-VirtualBox pulseaudio[1343]: [pulseaudio] pid.c: Daemon already running.
Jul  6 19:21:56 sungho-VirtualBox dbus[626]: [system] Activating via systemd: service name='org.freedesktop.UPower' unit='upower.service'
Jul  6 19:21:56 sungho-VirtualBox systemd[1]: Starting Daemon for power management...
Jul  6 19:21:56 sungho-VirtualBox dbus[626]: [system] Successfully activated service 'org.freedesktop.UPower'
Jul  6 19:21:56 sungho-VirtualBox systemd[1]: Started Daemon for power management.
Jul  6 19:21:57 sungho-VirtualBox dbus[626]: [system] Activating via systemd: service name='org.freedesktop.ColorManager' unit='colord.service'
Jul  6 19:21:57 sungho-VirtualBox systemd[1]: Starting Manage, Install and Generate Color Profiles...
Jul  6 19:21:57 sungho-VirtualBox dbus[626]: [system] Successfully activated service 'org.freedesktop.ColorManager'
Jul  6 19:21:57 sungho-VirtualBox systemd[1]: Started Manage, Install and Generate Color Profiles.
Jul  6 19:21:58 sungho-VirtualBox org.gtk.vfs.Daemon[1137]: A connection to the bus can't be made
Jul  6 19:21:58 sungho-VirtualBox systemd[1]: Created slice User Slice of sungho.
Jul  6 19:21:58 sungho-VirtualBox systemd[1]: Starting User Manager for UID 1000...
Jul  6 19:21:58 sungho-VirtualBox systemd[1]: Started Session c2 of user sungho.
Jul  6 19:21:58 sungho-VirtualBox systemd[1376]: Reached target Sockets.
Jul  6 19:21:58 sungho-VirtualBox systemd[1376]: Reached target Paths.
Jul  6 19:21:58 sungho-VirtualBox systemd[1376]: Reached target Timers.
